Component: ARM Compiler 5.06 update 4 (build 422) Tool: armlink [4d35d2]

==============================================================================

Section Cross References

    main.o(i.ESP01_SendCommand) refers to _printf_percent.o(.ARM.Collect$$_printf_percent$$00000000) for _printf_percent
    main.o(i.ESP01_SendCommand) refers to _printf_s.o(.ARM.Collect$$_printf_percent$$00000014) for _printf_s
    main.o(i.ESP01_SendCommand) refers to _printf_str.o(.text) for _printf_str
    main.o(i.ESP01_SendCommand) refers to noretval__2snprintf.o(.text) for __2snprintf
    main.o(i.ESP01_SendCommand) refers to strlen.o(.text) for strlen
    main.o(i.ESP01_SendCommand) refers to stm32f1xx_hal_uart.o(i.HAL_UART_Transmit) for HAL_UART_Transmit
    main.o(i.ESP01_SendCommand) refers to noretval__2printf.o(.text) for __2printf
    main.o(i.ESP01_SendCommand) refers to usart.o(.bss) for g_uart3_handle
    main.o(i.Process_ESP01_Response) refers to strstr.o(.text) for strstr
    main.o(i.Process_ESP01_Response) refers to noretval__2printf.o(.text) for __2printf
    main.o(i.main) refers to _printf_percent.o(.ARM.Collect$$_printf_percent$$00000000) for _printf_percent
    main.o(i.main) refers to _printf_s.o(.ARM.Collect$$_printf_percent$$00000014) for _printf_s
    main.o(i.main) refers to _printf_str.o(.text) for _printf_str
    main.o(i.main) refers to stm32f1xx_hal.o(i.HAL_Init) for HAL_Init
    main.o(i.main) refers to sys.o(i.sys_stm32_clock_init) for sys_stm32_clock_init
    main.o(i.main) refers to delay.o(i.delay_init) for delay_init
    main.o(i.main) refers to usart.o(i.usart1_init) for usart1_init
    main.o(i.main) refers to noretval__2printf.o(.text) for __2printf
    main.o(i.main) refers to usart.o(i.usart3_init) for usart3_init
    main.o(i.main) refers to main.o(i.usart3_debug_info) for usart3_debug_info
    main.o(i.main) refers to esp01_driver.o(i.ESP8266_Init) for ESP8266_Init
    main.o(i.main) refers to rt_memcpy_v6.o(.text) for __aeabi_memcpy
    main.o(i.main) refers to esp01_driver.o(i.ESP8266_SendCommand) for ESP8266_SendCommand
    main.o(i.main) refers to rt_memclr.o(.text) for __aeabi_memclr
    main.o(i.main) refers to usart.o(i.usart3_restart_receive) for usart3_restart_receive
    main.o(i.main) refers to delay.o(i.HAL_Delay) for HAL_Delay
    main.o(i.main) refers to usart.o(.bss) for g_uart3_handle
    main.o(i.main) refers to main.o(.bss) for esp8266
    main.o(i.main) refers to usart.o(.data) for g_usart1_rx_sta
    main.o(i.usart3_debug_info) refers to _printf_pad.o(.text) for _printf_pre_padding
    main.o(i.usart3_debug_info) refers to _printf_percent.o(.ARM.Collect$$_printf_percent$$00000000) for _printf_percent
    main.o(i.usart3_debug_info) refers to _printf_x.o(.ARM.Collect$$_printf_percent$$0000000C) for _printf_x
    main.o(i.usart3_debug_info) refers to _printf_hex_int.o(.text) for _printf_longlong_hex
    main.o(i.usart3_debug_info) refers to _printf_d.o(.ARM.Collect$$_printf_percent$$00000009) for _printf_d
    main.o(i.usart3_debug_info) refers to _printf_dec.o(.text) for _printf_int_dec
    main.o(i.usart3_debug_info) refers to noretval__2printf.o(.text) for __2printf
    main.o(i.usart3_debug_info) refers to usart.o(.data) for g_usart3_rx_len
    freertos_demo.o(i.ADC_GET) refers to adc.o(i.adc_dma_enable) for adc_dma_enable
    freertos_demo.o(i.ADC_GET) refers to dflt_clz.o(x$fpl$dfltu) for __aeabi_ui2d
    freertos_demo.o(i.ADC_GET) refers to dmul.o(x$fpl$dmul) for __aeabi_dmul
    freertos_demo.o(i.ADC_GET) refers to ddiv.o(x$fpl$ddiv) for __aeabi_ddiv
    freertos_demo.o(i.ADC_GET) refers to dfix.o(x$fpl$dfix) for __aeabi_d2iz
    freertos_demo.o(i.ADC_GET) refers to tasks.o(i.vTaskDelay) for vTaskDelay
    freertos_demo.o(i.ADC_GET) refers to gtim.o(.data) for capture_count
    freertos_demo.o(i.ADC_GET) refers to adc.o(.data) for g_adc_dma_sta
    freertos_demo.o(i.ADC_GET) refers to main.o(.bss) for g_adc_dma_buf
    freertos_demo.o(i.ADC_GET) refers to freertos_demo.o(.bss) for wave_buf
    freertos_demo.o(i.Display) refers to stm32f1xx_hal_gpio.o(i.HAL_GPIO_TogglePin) for HAL_GPIO_TogglePin
    freertos_demo.o(i.Display) refers to tasks.o(i.vTaskDelay) for vTaskDelay
    freertos_demo.o(i.KEY) refers to key.o(i.Button_Debounce) for Button_Debounce
    freertos_demo.o(i.KEY) refers to lcd_driver.o(i.Lcd_Clear) for Lcd_Clear
    freertos_demo.o(i.KEY) refers to tasks.o(i.vTaskDelay) for vTaskDelay
    freertos_demo.o(i.KEY) refers to key.o(i.Read_KEY1) for Read_KEY1
    freertos_demo.o(i.PWM_OUTPUT) refers to tasks.o(i.vTaskDelay) for vTaskDelay
    freertos_demo.o(i.PWM_OUTPUT) refers to freertos_demo.o(.data) for ledrpwmval
    freertos_demo.o(i.PWM_OUTPUT) refers to gtim.o(.bss) for g_timx_pwm_chy_handle
    freertos_demo.o(i.freertos_demo) refers to lcd_driver.o(i.Lcd_Clear) for Lcd_Clear
    freertos_demo.o(i.freertos_demo) refers to tasks.o(i.xTaskCreate) for xTaskCreate
[...]
    ..\FWLIB\Src\stm32f1xx_hal_adc_ex.c      0x00000000   Number         0  stm32f1xx_hal_adc_ex.o ABSOLUTE
    ..\FWLIB\Src\stm32f1xx_hal_cortex.c      0x00000000   Number         0  stm32f1xx_hal_cortex.o ABSOLUTE
    ..\FWLIB\Src\stm32f1xx_hal_dma.c         0x00000000   Number         0  stm32f1xx_hal_dma.o ABSOLUTE
    ..\FWLIB\Src\stm32f1xx_hal_gpio.c        0x00000000   Number         0  stm32f1xx_hal_gpio.o ABSOLUTE
    ..\FWLIB\Src\stm32f1xx_hal_pwr.c         0x00000000   Number         0  stm32f1xx_hal_pwr.o ABSOLUTE
    ..\FWLIB\Src\stm32f1xx_hal_rcc.c         0x00000000   Number         0  stm32f1xx_hal_rcc.o ABSOLUTE
    ..\FWLIB\Src\stm32f1xx_hal_rcc_ex.c      0x00000000   Number         0  stm32f1xx_hal_rcc_ex.o ABSOLUTE
    ..\FWLIB\Src\stm32f1xx_hal_sram.c        0x00000000   Number         0  stm32f1xx_hal_sram.o ABSOLUTE
    ..\FWLIB\Src\stm32f1xx_hal_tim.c         0x00000000   Number         0  stm32f1xx_hal_tim.o ABSOLUTE
    ..\FWLIB\Src\stm32f1xx_hal_tim_ex.c      0x00000000   Number         0  stm32f1xx_hal_tim_ex.o ABSOLUTE
    ..\FWLIB\Src\stm32f1xx_hal_uart.c        0x00000000   Number         0  stm32f1xx_hal_uart.o ABSOLUTE
    ..\FWLIB\Src\stm32f1xx_hal_usart.c       0x00000000   Number         0  stm32f1xx_hal_usart.o ABSOLUTE
    ..\FWLIB\Src\stm32f1xx_ll_fsmc.c         0x00000000   Number         0  stm32f1xx_ll_fsmc.o ABSOLUTE
    ..\HARDWARE\1.8tft\GUI.c                 0x00000000   Number         0  gui.o ABSOLUTE
    ..\HARDWARE\1.8tft\Lcd_Driver.c          0x00000000   Number         0  lcd_driver.o ABSOLUTE
    ..\HARDWARE\1.8tft\QDTFT_demo.c          0x00000000   Number         0  qdtft_demo.o ABSOLUTE
    ..\HARDWARE\ADC\adc.c                    0x00000000   Number         0  adc.o ABSOLUTE
    ..\HARDWARE\KEY\key.c                    0x00000000   Number         0  key.o ABSOLUTE
    ..\HARDWARE\LED\led.c                    0x00000000   Number         0  led.o ABSOLUTE
    ..\HARDWARE\OLED\oled.c                  0x00000000   Number         0  oled.o ABSOLUTE
    ..\HARDWARE\TIMER\gtim.c                 0x00000000   Number         0  gtim.o ABSOLUTE
    ..\HARDWARE\WIFI\esp01_driver.c          0x00000000   Number         0  esp01_driver.o ABSOLUTE
    ..\SYSTEM\delay\delay.c                  0x00000000   Number         0  delay.o ABSOLUTE
    ..\SYSTEM\memory\mem_mgr.c               0x00000000   Number         0  mem_mgr.o ABSOLUTE
    ..\SYSTEM\sys\sys.c                      0x00000000   Number         0  sys.o ABSOLUTE
    ..\SYSTEM\usart\usart.c                  0x00000000   Number         0  usart.o ABSOLUTE
    ..\\FREERTOS\\croutine.c                 0x00000000   Number         0  croutine.o ABSOLUTE
    ..\\FREERTOS\\event_groups.c             0x00000000   Number         0  event_groups.o ABSOLUTE
    ..\\FREERTOS\\list.c                     0x00000000   Number         0  list.o ABSOLUTE
    ..\\FREERTOS\\portable\\MemMang\\heap_4.c 0x00000000   Number         0  heap_4.o ABSOLUTE
    ..\\FREERTOS\\portable\\RVDS\\ARM_CM3\\port.c 0x00000000   Number         0  port.o ABSOLUTE
    ..\\FREERTOS\\queue.c                    0x00000000   Number         0  queue.o ABSOLUTE
    ..\\FREERTOS\\stream_buffer.c            0x00000000   Number         0  stream_buffer.o ABSOLUTE
    ..\\FREERTOS\\tasks.c                    0x00000000   Number         0  tasks.o ABSOLUTE
    ..\\FREERTOS\\timers.c                   0x00000000   Number         0  timers.o ABSOLUTE
    ..\\FWLIB\\Src\\stm32f1xx_hal.c          0x00000000   Number         0  stm32f1xx_hal.o ABSOLUTE
    ..\\FWLIB\\Src\\stm32f1xx_hal_adc.c      0x00000000   Number         0  stm32f1xx_hal_adc.o ABSOLUTE
    ..\\FWLIB\\Src\\stm32f1xx_hal_adc_ex.c   0x00000000   Number         0  stm32f1xx_hal_adc_ex.o ABSOLUTE
    ..\\FWLIB\\Src\\stm32f1xx_hal_cortex.c   0x00000000   Number         0  stm32f1xx_hal_cortex.o ABSOLUTE
    ..\\FWLIB\\Src\\stm32f1xx_hal_dma.c      0x00000000   Number         0  stm32f1xx_hal_dma.o ABSOLUTE
    ..\\FWLIB\\Src\\stm32f1xx_hal_gpio.c     0x00000000   Number         0  stm32f1xx_hal_gpio.o ABSOLUTE
    ..\\FWLIB\\Src\\stm32f1xx_hal_pwr.c      0x00000000   Number         0  stm32f1xx_hal_pwr.o ABSOLUTE
    ..\\FWLIB\\Src\\stm32f1xx_hal_rcc.c      0x00000000   Number         0  stm32f1xx_hal_rcc.o ABSOLUTE
    ..\\FWLIB\\Src\\stm32f1xx_hal_rcc_ex.c   0x00000000   Number         0  stm32f1xx_hal_rcc_ex.o ABSOLUTE
    ..\\FWLIB\\Src\\stm32f1xx_hal_sram.c     0x00000000   Number         0  stm32f1xx_hal_sram.o ABSOLUTE
    ..\\FWLIB\\Src\\stm32f1xx_hal_tim.c      0x00000000   Number         0  stm32f1xx_hal_tim.o ABSOLUTE
    ..\\FWLIB\\Src\\stm32f1xx_hal_tim_ex.c   0x00000000   Number         0  stm32f1xx_hal_tim_ex.o ABSOLUTE
    ..\\FWLIB\\Src\\stm32f1xx_hal_uart.c     0x00000000   Number         0  stm32f1xx_hal_uart.o ABSOLUTE
    ..\\FWLIB\\Src\\stm32f1xx_hal_usart.c    0x00000000   Number         0  stm32f1xx_hal_usart.o ABSOLUTE
    ..\\FWLIB\\Src\\stm32f1xx_ll_fsmc.c      0x00000000   Number         0  stm32f1xx_ll_fsmc.o ABSOLUTE
    ..\\HARDWARE\\1.8tft\\GUI.c              0x00000000   Number         0  gui.o ABSOLUTE
    ..\\HARDWARE\\1.8tft\\Lcd_Driver.c       0x00000000   Number         0  lcd_driver.o ABSOLUTE
    ..\\HARDWARE\\1.8tft\\QDTFT_demo.c       0x00000000   Number         0  qdtft_demo.o ABSOLUTE
    ..\\HARDWARE\\ADC\\adc.c                 0x00000000   Number         0  adc.o ABSOLUTE
    ..\\HARDWARE\\KEY\\key.c                 0x00000000   Number         0  key.o ABSOLUTE
    ..\\HARDWARE\\LED\\led.c                 0x00000000   Number         0  led.o ABSOLUTE
    ..\\HARDWARE\\OLED\\oled.c               0x00000000   Number         0  oled.o ABSOLUTE
    ..\\HARDWARE\\TIMER\\gtim.c              0x00000000   Number         0  gtim.o ABSOLUTE
    ..\\HARDWARE\\WIFI\\esp01_driver.c       0x00000000   Number         0  esp01_driver.o ABSOLUTE
    ..\\SYSTEM\\delay\\delay.c               0x00000000   Number         0  delay.o ABSOLUTE
    ..\\SYSTEM\\sys\\sys.c                   0x00000000   Number         0  sys.o ABSOLUTE
    ..\\SYSTEM\\usart\\usart.c               0x00000000   Number         0  usart.o ABSOLUTE
    dc.s                                     0x00000000   Number         0  dc.o ABSOLUTE
    freertos_demo.c                          0x00000000   Number         0  freertos_demo.o ABSOLUTE
    freertos_demo.c                          0x00000000   Number         0  freertos_demo.o ABSOLUTE
    main.c                                   0x00000000   Number         0  main.o ABSOLUTE
    main.c                                   0x00000000   Number         0  main.o ABSOLUTE
    stm32f10x_it.c                           0x00000000   Number         0  stm32f10x_it.o ABSOLUTE
    stm32f10x_it.c                           0x00000000   Number         0  stm32f10x_it.o ABSOLUTE
    system_stm32f1xx.c                       0x00000000   Number         0  system_stm32f1xx.o ABSOLUTE
    system_stm32f1xx.c                       0x00000000   Number         0  system_stm32f1xx.o ABSOLUTE
    RESET                                    0x08000000   Section      236  startup_stm32f103xb.o(RESET)
    !!!main                                  0x080000ec   Section        8  __main.o(!!!main)
    !!!scatter                               0x080000f4   Section       52  __scatter.o(!!!scatter)
    !!handler_copy                           0x08000128   Section       26  __scatter_copy.o(!!handler_copy)
    !!handler_zi                             0x08000144   Section       28  __scatter_zi.o(!!handler_zi)
    .ARM.Collect$$_printf_percent$$00000000  0x08000160   Section        0  _printf_percent.o(.ARM.Collect$$_printf_percent$$00000000)
    .ARM.Collect$$_printf_percent$$00000009  0x08000160   Section        6  _printf_d.o(.ARM.Collect$$_printf_percent$$00000009)
    .ARM.Collect$$_printf_percent$$0000000C  0x08000166   Section        6  _printf_x.o(.ARM.Collect$$_printf_percent$$0000000C)
    .ARM.Collect$$_printf_percent$$00000014  0x0800016c   Section        6  _printf_s.o(.ARM.Collect$$_printf_percent$$00000014)
    .ARM.Collect$$_printf_percent$$00000017  0x08000172   Section        4  _printf_percent_end.o(.ARM.Collect$$_printf_percent$$00000017)
    .ARM.Collect$$libinit$$00000000          0x08000176   Section        2  libinit.o(.ARM.Collect$$libinit$$00000000)
    .ARM.Collect$$libinit$$00000002          0x08000178   Section        0  libinit2.o(.ARM.Collect$$libinit$$00000002)
    .ARM.Collect$$libinit$$00000004          0x08000178   Section        0  libinit2.o(.ARM.Collect$$libinit$$00000004)
    .ARM.Collect$$libinit$$0000000A          0x08000178   Section        0  libinit2.o(.ARM.Collect$$libinit$$0000000A)
    .ARM.Collect$$libinit$$0000000C          0x08000178   Section        0  libinit2.o(.ARM.Collect$$libinit$$0000000C)
    .ARM.Collect$$libinit$$0000000E          0x08000178   Section        0  libinit2.o(.ARM.Collect$$libinit$$0000000E)
    .ARM.Collect$$libinit$$00000011          0x08000178   Section        0  libinit2.o(.ARM.Collect$$libinit$$00000011)
    .ARM.Collect$$libinit$$00000013          0x08000178   Section        0  libinit2.o(.ARM.Collect$$libinit$$00000013)
    .ARM.Collect$$libinit$$00000015          0x08000178   Section        0  libinit2.o(.ARM.Collect$$libinit$$00000015)
    .ARM.Collect$$libinit$$00000017          0x08000178   Section        0  libinit2.o(.ARM.Collect$$libinit$$00000017)
    .ARM.Collect$$libinit$$00000019          0x08000178   Section        0  libinit2.o(.ARM.Collect$$libinit$$00000019)
    .ARM.Collect$$libinit$$0000001B          0x08000178   Section        0  libinit2.o(.ARM.Collect$$libinit$$0000001B)
    .ARM.Collect$$libinit$$0000001D          0x08000178   Section        0  libinit2.o(.ARM.Collect$$libinit$$0000001D)
    .ARM.Collect$$libinit$$0000001F          0x08000178   Section        0  libinit2.o(.ARM.Collect$$libinit$$0000001F)
    .ARM.Collect$$libinit$$00000021          0x08000178   Section        0  libinit2.o(.ARM.Collect$$libinit$$00000021)
    .ARM.Collect$$libinit$$00000023          0x08000178   Section        0  libinit2.o(.ARM.Collect$$libinit$$00000023)
    .ARM.Collect$$libinit$$00000025          0x08000178   Section        0  libinit2.o(.ARM.Collect$$libinit$$00000025)
    .ARM.Collect$$libinit$$0000002C          0x08000178   Section        0  libinit2.o(.ARM.Collect$$libinit$$0000002C)
    .ARM.Collect$$libinit$$0000002E          0x08000178   Section        0  libinit2.o(.ARM.Collect$$libinit$$0000002E)
    .ARM.Collect$$libinit$$00000030          0x08000178   Section        0  libinit2.o(.ARM.Collect$$libinit$$00000030)
    .ARM.Collect$$libinit$$00000032          0x08000178   Section        0  libinit2.o(.ARM.Collect$$libinit$$00000032)
    .ARM.Collect$$libinit$$00000033          0x08000178   Section        2  libinit2.o(.ARM.Collect$$libinit$$00000033)
    .ARM.Collect$$libshutdown$$00000000      0x0800017a   Section        2  libshutdown.o(.ARM.Collect$$libshutdown$$00000000)
    .ARM.Collect$$libshutdown$$00000002      0x0800017c   Section        0  libshutdown2.o(.ARM.Collect$$libshutdown$$00000002)
    .ARM.Collect$$libshutdown$$00000004      0x0800017c   Section        0  libshutdown2.o(.ARM.Collect$$libshutdown$$00000004)
    .ARM.Collect$$libshutdown$$00000007      0x0800017c   Section        0  libshutdown2.o(.ARM.Collect$$libshutdown$$00000007)
    .ARM.Collect$$libshutdown$$0000000A      0x0800017c   Section        0  libshutdown2.o(.ARM.Collect$$libshutdown$$0000000A)
    .ARM.Collect$$libshutdown$$0000000C      0x0800017c   Section        0  libshutdown2.o(.ARM.Collect$$libshutdown$$0000000C)
    .ARM.Collect$$libshutdown$$0000000F      0x0800017c   Section        0  libshutdown2.o(.ARM.Collect$$libshutdown$$0000000F)
    .ARM.Collect$$libshutdown$$00000010      0x0800017c   Section        2  libshutdown2.o(.ARM.Collect$$libshutdown$$00000010)
    .ARM.Collect$$rtentry$$00000000          0x0800017e   Section        0  __rtentry.o(.ARM.Collect$$rtentry$$00000000)
    .ARM.Collect$$rtentry$$00000002          0x0800017e   Section        0  __rtentry2.o(.ARM.Collect$$rtentry$$00000002)
    .ARM.Collect$$rtentry$$00000004          0x0800017e   Section        6  __rtentry4.o(.ARM.Collect$$rtentry$$00000004)
    .ARM.Collect$$rtentry$$00000009          0x08000184   Section        0  __rtentry2.o(.ARM.Collect$$rtentry$$00000009)
    .ARM.Collect$$rtentry$$0000000A          0x08000184   Section        4  __rtentry2.o(.ARM.Collect$$rtentry$$0000000A)
    .ARM.Collect$$rtentry$$0000000C          0x08000188   Section        0  __rtentry2.o(.ARM.Collect$$rtentry$$0000000C)
    .ARM.Collect$$rtentry$$0000000D          0x08000188   Section        8  __rtentry2.o(.ARM.Collect$$rtentry$$0000000D)
    .ARM.Collect$$rtexit$$00000000           0x08000190   Section        2  rtexit.o(.ARM.Collect$$rtexit$$00000000)
    .ARM.Collect$$rtexit$$00000002           0x08000192   Section        0  rtexit2.o(.ARM.Collect$$rtexit$$00000002)
    .ARM.Collect$$rtexit$$00000003           0x08000192   Section        4  rtexit2.o(.ARM.Collect$$rtexit$$00000003)
    .ARM.Collect$$rtexit$$00000004           0x08000196   Section        6  rtexit2.o(.ARM.Collect$$rtexit$$00000004)
    .emb_text                                0x0800019c   Section      150  port.o(.emb_text)
    .text                                    0x08000234   Section       64  startup_stm32f103xb.o(.text)
    .text                                    0x08000274   Section        2  use_no_semi_2.o(.text)
    .text                                    0x08000278   Section        0  noretval__2printf.o(.text)
    .text                                    0x08000290   Section        0  noretval__2snprintf.o(.text)
    .text                                    0x080002c4   Section        0  _printf_pad.o(.text)
    .text                                    0x08000312   Section        0  _printf_str.o(.text)
    .text                                    0x08000364   Section        0  _printf_dec.o(.text)
    .text                                    0x080003dc   Section        0  _printf_hex_int.o(.text)
    .text                                    0x08000434   Section        0  __printf_flags_wp.o(.text)
    .text                                    0x0800056c   Section        0  strstr.o(.text)
    .text                                    0x08000590   Section        0  strlen.o(.text)
    .text                                    0x080005ce   Section        0  strncmp.o(.text)
    .text                                    0x08000664   Section      138  rt_memcpy_v6.o(.text)
    .text                                    0x080006ee   Section      100  rt_memcpy_w.o(.text)
    .text                                    0x08000752   Section       68  rt_memclr.o(.text)
    .text                                    0x08000796   Section       78  rt_memclr_w.o(.text)
    .text                                    0x080007e4   Section        0  heapauxi.o(.text)
    .text                                    0x080007ea   Section        2  use_no_semi.o(.text)
    .text                                    0x080007ec   Section        0  _printf_intcommon.o(.text)
    .text                                    0x080008a0   Section        0  _printf_char_common.o(.text)
    _printf_input_char                       0x080008a1   Thumb Code    10  _printf_char_common.o(.text)
    .text                                    0x080008d0   Section        0  _sputc.o(.text)
    .text                                    0x080008da   Section        0  _snputc.o(.text)
    .text                                    0x080008ea   Section        0  _printf_char.o(.text)
    .text                                    0x08000918   Section        0  _printf_char_file.o(.text)
    .text                                    0x0800093c   Section        0  ferror.o(.text)
    .text                                    0x08000944   Section        8  libspace.o(.text)
    .text                                    0x0800094c   Section       74  sys_stackheap_outer.o(.text)
    .text                                    0x08000996   Section        0  exit.o(.text)
    i.BusFault_Handler                       0x080009a8   Section        0  stm32f10x_it.o(i.BusFault_Handler)
    i.DMA1_Channel1_IRQHandler               0x080009ac   Section        0  adc.o(i.DMA1_Channel1_IRQHandler)
    i.DebugMon_Handler                       0x080009d8   Section        0  stm32f10x_it.o(i.DebugMon_Handler)
    i.ESP8266_Init                           0x080009dc   Section        0  esp01_driver.o(i.ESP8266_Init)
    i.ESP8266_SendCommand                    0x08000a84   Section        0  esp01_driver.o(i.ESP8266_SendCommand)
    i.ESP8266_WaitForResponse                0x08000b14   Section        0  esp01_driver.o(i.ESP8266_WaitForResponse)
    i.EXTI9_5_IRQHandler                     0x08000bb4   Section        0  key.o(i.EXTI9_5_IRQHandler)
    i.HAL_DMA_Abort_IT                       0x08000bec   Section        0  stm32f1xx_hal_dma.o(i.HAL_DMA_Abort_IT)
    i.HAL_Delay                              0x08000c9c   Section        0  delay.o(i.HAL_Delay)
    i.HAL_GPIO_EXTI_Callback                 0x08000ca8   Section        0  key.o(i.HAL_GPIO_EXTI_Callback)
    i.HAL_GPIO_EXTI_IRQHandler               0x08000d90   Section        0  stm32f1xx_hal_gpio.o(i.HAL_GPIO_EXTI_IRQHandler)
    i.HAL_GPIO_Init                          0x08000dac   Section        0  stm32f1xx_hal_gpio.o(i.HAL_GPIO_Init)
    i.HAL_GPIO_ReadPin                       0x080010cc   Section        0  stm32f1xx_hal_gpio.o(i.HAL_GPIO_ReadPin)
    i.HAL_GetTick                            0x080010dc   Section        0  stm32f1xx_hal.o(i.HAL_GetTick)
    i.HAL_IncTick                            0x080010e8   Section        0  stm32f1xx_hal.o(i.HAL_IncTick)
    i.HAL_Init                               0x08001100   Section        0  stm32f1xx_hal.o(i.HAL_Init)
    i.HAL_InitTick                           0x08001128   Section        0  stm32f1xx_hal.o(i.HAL_InitTick)
    i.HAL_MspInit                            0x08001174   Section        0  stm32f1xx_hal.o(i.HAL_MspInit)
    i.HAL_NVIC_EnableIRQ                     0x08001176   Section        0  stm32f1xx_hal_cortex.o(i.HAL_NVIC_EnableIRQ)
    i.HAL_NVIC_SetPriority                   0x08001196   Section        0  stm32f1xx_hal_cortex.o(i.HAL_NVIC_SetPriority)
    i.HAL_NVIC_SetPriorityGrouping           0x08001214   Section        0  stm32f1xx_hal_cortex.o(i.HAL_NVIC_SetPriorityGrouping)
    i.HAL_RCC_ClockConfig                    0x0800123c   Section        0  stm32f1xx_hal_rcc.o(i.HAL_RCC_ClockConfig)
    i.HAL_RCC_GetHCLKFreq                    0x080013c8   Section        0  stm32f1xx_hal_rcc.o(i.HAL_RCC_GetHCLKFreq)
    i.HAL_RCC_GetPCLK1Freq                   0x080013d4   Section        0  stm32f1xx_hal_rcc.o(i.HAL_RCC_GetPCLK1Freq)
    i.HAL_RCC_GetPCLK2Freq                   0x080013f4   Section        0  stm32f1xx_hal_rcc.o(i.HAL_RCC_GetPCLK2Freq)
    i.HAL_RCC_GetSysClockFreq                0x08001414   Section        0  stm32f1xx_hal_rcc.o(i.HAL_RCC_GetSysClockFreq)
    i.HAL_RCC_OscConfig                      0x080014ac   Section        0  stm32f1xx_hal_rcc.o(i.HAL_RCC_OscConfig)
    i.HAL_SYSTICK_CLKSourceConfig            0x08001910   Section        0  stm32f1xx_hal_cortex.o(i.HAL_SYSTICK_CLKSourceConfig)
    i.HAL_SYSTICK_Config                     0x08001938   Section        0  stm32f1xx_hal_cortex.o(i.HAL_SYSTICK_Config)
    i.HAL_TIMEx_BreakCallback                0x0800196c   Section        0  stm32f1xx_hal_tim_ex.o(i.HAL_TIMEx_BreakCallback)
    i.HAL_TIMEx_CommutCallback               0x0800196e   Section        0  stm32f1xx_hal_tim_ex.o(i.HAL_TIMEx_CommutCallback)
    i.HAL_TIM_IC_CaptureCallback             0x08001970   Section        0  gtim.o(i.HAL_TIM_IC_CaptureCallback)
    i.HAL_TIM_IRQHandler                     0x08001ae4   Section        0  stm32f1xx_hal_tim.o(i.HAL_TIM_IRQHandler)
    i.HAL_TIM_OC_DelayElapsedCallback        0x08001c7a   Section        0  stm32f1xx_hal_tim.o(i.HAL_TIM_OC_DelayElapsedCallback)
    i.HAL_TIM_PWM_PulseFinishedCallback      0x08001c7c   Section        0  stm32f1xx_hal_tim.o(i.HAL_TIM_PWM_PulseFinishedCallback)
    i.HAL_TIM_PeriodElapsedCallback          0x08001c7e   Section        0  gtim.o(i.HAL_TIM_PeriodElapsedCallback)
    i.HAL_TIM_ReadCapturedValue              0x08001c80   Section        0  stm32f1xx_hal_tim.o(i.HAL_TIM_ReadCapturedValue)
    i.HAL_TIM_TriggerCallback                0x08001cb2   Section        0  stm32f1xx_hal_tim.o(i.HAL_TIM_TriggerCallback)
    i.HAL_UART_AbortCpltCallback             0x08001cb4   Section        0  stm32f1xx_hal_uart.o(i.HAL_UART_AbortCpltCallback)
    i.HAL_UART_AbortReceiveCpltCallback      0x08001cb6   Section        0  stm32f1xx_hal_uart.o(i.HAL_UART_AbortReceiveCpltCallback)
    i.HAL_UART_AbortTransmitCpltCallback     0x08001cb8   Section        0  stm32f1xx_hal_uart.o(i.HAL_UART_AbortTransmitCpltCallback)
    i.HAL_UART_ErrorCallback                 0x08001cba   Section        0  stm32f1xx_hal_uart.o(i.HAL_UART_ErrorCallback)
    i.HAL_UART_IRQHandler                    0x08001cbc   Section        0  stm32f1xx_hal_uart.o(i.HAL_UART_IRQHandler)
    i.HAL_UART_Init                          0x08001e08   Section        0  stm32f1xx_hal_uart.o(i.HAL_UART_Init)
    i.HAL_UART_MspInit                       0x08001e8c   Section        0  usart.o(i.HAL_UART_MspInit)
    i.HAL_UART_Receive_IT                    0x08001fe8   Section        0  stm32f1xx_hal_uart.o(i.HAL_UART_Receive_IT)
    i.HAL_UART_RxCpltCallback                0x08002058   Section        0  usart.o(i.HAL_UART_RxCpltCallback)
    i.HAL_UART_RxHalfCpltCallback            0x08002144   Section        0  stm32f1xx_hal_uart.o(i.HAL_UART_RxHalfCpltCallback)
    i.HAL_UART_Transmit                      0x08002146   Section        0  stm32f1xx_hal_uart.o(i.HAL_UART_Transmit)
    i.HAL_UART_TxCpltCallback                0x0800221c   Section        0  stm32f1xx_hal_uart.o(i.HAL_UART_TxCpltCallback)
    i.HAL_UART_TxHalfCpltCallback            0x0800221e   Section        0  stm32f1xx_hal_uart.o(i.HAL_UART_TxHalfCpltCallback)
    i.HardFault_Handler                      0x08002220   Section        0  stm32f10x_it.o(i.HardFault_Handler)
    i.MemManage_Handler                      0x08002224   Section        0  stm32f10x_it.o(i.MemManage_Handler)
    i.NMI_Handler                            0x08002228   Section        0  stm32f10x_it.o(i.NMI_Handler)
    i.RCC_Delay                              0x0800222c   Section        0  stm32f1xx_hal_rcc.o(i.RCC_Delay)
    RCC_Delay                                0x0800222d   Thumb Code    36  stm32f1xx_hal_rcc.o(i.RCC_Delay)
    i.SysTick_Handler                        0x08002254   Section        0  delay.o(i.SysTick_Handler)
    i.SystemInit                             0x08002268   Section        0  system_stm32f1xx.o(i.SystemInit)
    i.TIM2_IRQHandler                        0x080022c0   Section        0  gtim.o(i.TIM2_IRQHandler)
    i.TIM3_IRQHandler                        0x080022d0   Section        0  gtim.o(i.TIM3_IRQHandler)
    i.UART_DMAAbortOnError                   0x080022ec   Section        0  stm32f1xx_hal_uart.o(i.UART_DMAAbortOnError)
    UART_DMAAbortOnError                     0x080022ed   Thumb Code    20  stm32f1xx_hal_uart.o(i.UART_DMAAbortOnError)
    i.UART_EndRxTransfer                     0x08002300   Section        0  stm32f1xx_hal_uart.o(i.UART_EndRxTransfer)
    UART_EndRxTransfer                       0x08002301   Thumb Code    32  stm32f1xx_hal_uart.o(i.UART_EndRxTransfer)
    i.UART_EndTransmit_IT                    0x08002320   Section        0  stm32f1xx_hal_uart.o(i.UART_EndTransmit_IT)
    UART_EndTransmit_IT                      0x08002321   Thumb Code    32  stm32f1xx_hal_uart.o(i.UART_EndTransmit_IT)
    i.UART_InitCallbacksToDefault            0x08002340   Section        0  stm32f1xx_hal_uart.o(i.UART_InitCallbacksToDefault)
    i.UART_Receive_IT                        0x08002384   Section        0  stm32f1xx_hal_uart.o(i.UART_Receive_IT)
    UART_Receive_IT                          0x08002385   Thumb Code   166  stm32f1xx_hal_uart.o(i.UART_Receive_IT)
    i.UART_SetConfig                         0x0800242c   Section        0  stm32f1xx_hal_uart.o(i.UART_SetConfig)
    UART_SetConfig                           0x0800242d   Thumb Code   412  stm32f1xx_hal_uart.o(i.UART_SetConfig)
    i.UART_Transmit_IT                       0x080025cc   Section        0  stm32f1xx_hal_uart.o(i.UART_Transmit_IT)
    UART_Transmit_IT                         0x080025cd   Thumb Code   104  stm32f1xx_hal_uart.o(i.UART_Transmit_IT)
    i.UART_WaitOnFlagUntilTimeout            0x08002634   Section        0  stm32f1xx_hal_uart.o(i.UART_WaitOnFlagUntilTimeout)
    UART_WaitOnFlagUntilTimeout              0x08002635   Thumb Code   108  stm32f1xx_hal_uart.o(i.UART_WaitOnFlagUntilTimeout)
    i.USART1_IRQHandler                      0x080026a0   Section        0  usart.o(i.USART1_IRQHandler)
    i.USART3_IRQHandler                      0x080026b0   Section        0  usart.o(i.USART3_IRQHandler)
    i.UsageFault_Handler                     0x08002740   Section        0  stm32f10x_it.o(i.UsageFault_Handler)
    i.__NVIC_GetPriorityGrouping             0x08002744   Section        0  stm32f1xx_hal_cortex.o(i.__NVIC_GetPriorityGrouping)
    __NVIC_GetPriorityGrouping               0x08002745   Thumb Code    10  stm32f1xx_hal_cortex.o(i.__NVIC_GetPriorityGrouping)
    i.__NVIC_SetPriority                     0x08002754   Section        0  stm32f1xx_hal_cortex.o(i.__NVIC_SetPriority)
    __NVIC_SetPriority                       0x08002755   Thumb Code    32  stm32f1xx_hal_cortex.o(i.__NVIC_SetPriority)
    i._is_digit                              0x0800277c   Section        0  __printf_wp.o(i._is_digit)
    i._sys_exit                              0x0800278a   Section        0  usart.o(i._sys_exit)
    i.delay_init                             0x08002790   Section        0  delay.o(i.delay_init)
    i.delay_ms                               0x080027c8   Section        0  delay.o(i.delay_ms)
    i.delay_us                               0x080027dc   Section        0  delay.o(i.delay_us)
    i.fputc                                  0x08002824   Section        0  usart.o(i.fputc)
    i.main                                   0x08002840   Section        0  main.o(i.main)
    i.prvResetNextTaskUnblockTime            0x080029b8   Section        0  tasks.o(i.prvResetNextTaskUnblockTime)
    prvResetNextTaskUnblockTime              0x080029b9   Thumb Code    40  tasks.o(i.prvResetNextTaskUnblockTime)
    i.sys_stm32_clock_init                   0x080029e8   Section        0  sys.o(i.sys_stm32_clock_init)
    i.usart1_init                            0x08002a50   Section        0  usart.o(i.usart1_init)
    i.usart3_debug_info                      0x08002a88   Section        0  main.o(i.usart3_debug_info)
    i.usart3_init                            0x08002bd0   Section        0  usart.o(i.usart3_init)
    i.usart3_restart_receive                 0x08002c44   Section        0  usart.o(i.usart3_restart_receive)
    i.vTaskSwitchContext                     0x08002c74   Section        0  tasks.o(i.vTaskSwitchContext)
    i.xPortSysTickHandler                    0x08002d08   Section        0  port.o(i.xPortSysTickHandler)
    i.xTaskGetSchedulerState                 0x08002d3c   Section        0  tasks.o(i.xTaskGetSchedulerState)
    i.xTaskIncrementTick                     0x08002d5c   Section        0  tasks.o(i.xTaskIncrementTick)
    x$fpl$fdiv                               0x08002f28   Section      388  fdiv.o(x$fpl$fdiv)
    _fdiv1                                   0x08002f29   Thumb Code     0  fdiv.o(x$fpl$fdiv)
    x$fpl$ffltu                              0x080030ac   Section       38  fflt_clz.o(x$fpl$ffltu)
    x$fpl$fmul                               0x080030d4   Section      258  fmul.o(x$fpl$fmul)
    x$fpl$fnaninf                            0x080031d6   Section      140  fnaninf.o(x$fpl$fnaninf)
    x$fpl$fretinf                            0x08003262   Section       10  fretinf.o(x$fpl$fretinf)
    .constdata                               0x0800326c   Section       24  system_stm32f1xx.o(.constdata)
    x$fpl$usenofp                            0x0800326c   Section        0  usenofp.o(x$fpl$usenofp)
    .constdata                               0x08003284   Section       40  _printf_hex_int.o(.constdata)
    uc_hextab                                0x08003284   Data          20  _printf_hex_int.o(.constdata)
    lc_hextab                                0x08003298   Data          20  _printf_hex_int.o(.constdata)
    .constdata                               0x080032ac   Section       17  __printf_flags_wp.o(.constdata)
    maptable                                 0x080032ac   Data          17  __printf_flags_wp.o(.constdata)
    .data                                    0x20000000   Section       36  freertos_demo.o(.data)
    .data                                    0x20000024   Section        4  system_stm32f1xx.o(.data)
    .data                                    0x20000028   Section       64  tasks.o(.data)
    pxDelayedTaskList                        0x2000002c   Data           4  tasks.o(.data)
    pxOverflowDelayedTaskList                0x20000030   Data           4  tasks.o(.data)
    uxDeletedTasksWaitingCleanUp             0x20000034   Data           4  tasks.o(.data)
    uxCurrentNumberOfTasks                   0x20000038   Data           4  tasks.o(.data)
    xTickCount                               0x2000003c   Data           4  tasks.o(.data)
    uxTopReadyPriority                       0x20000040   Data           4  tasks.o(.data)
    xSchedulerRunning                        0x20000044   Data           4  tasks.o(.data)
    xPendedTicks                             0x20000048   Data           4  tasks.o(.data)
    xYieldPendings                           0x2000004c   Data           4  tasks.o(.data)
    xNumOfOverflows                          0x20000050   Data           4  tasks.o(.data)
    uxTaskNumber                             0x20000054   Data           4  tasks.o(.data)
    xNextTaskUnblockTime                     0x20000058   Data           4  tasks.o(.data)
    xIdleTaskHandles                         0x2000005c   Data           4  tasks.o(.data)
    uxTopUsedPriority                        0x20000060   Data           4  tasks.o(.data)
    uxSchedulerSuspended                     0x20000064   Data           4  tasks.o(.data)
    .data                                    0x20000068   Section        9  stm32f1xx_hal.o(.data)
    .data                                    0x20000074   Section       14  usart.o(.data)
    .data                                    0x20000084   Section        4  delay.o(.data)
    g_fac_us                                 0x20000084   Data           4  delay.o(.data)
    .data                                    0x20000088   Section        1  adc.o(.data)
    .data                                    0x2000008c   Section       17  key.o(.data)
    lastAB                                   0x2000008c   Data           1  key.o(.data)
    lastISRTime                              0x20000090   Data           4  key.o(.data)
    state                                    0x20000094   Data           1  key.o(.data)
    last_time                                0x20000098   Data           4  key.o(.data)
    prev_state                               0x2000009c   Data           1  key.o(.data)
    .data                                    0x200000a0   Section       36  gtim.o(.data)
    .bss                                     0x200000c4   Section      648  main.o(.bss)
    .bss                                     0x2000034c   Section      340  tasks.o(.bss)
    pxReadyTasksLists                        0x2000034c   Data         240  tasks.o(.bss)
    xDelayedTaskList1                        0x2000043c   Data          20  tasks.o(.bss)
    xDelayedTaskList2                        0x20000450   Data          20  tasks.o(.bss)
    xPendingReadyList                        0x20000464   Data          20  tasks.o(.bss)
    xTasksWaitingTermination                 0x20000478   Data          20  tasks.o(.bss)
    xSuspendedTaskList                       0x2000048c   Data          20  tasks.o(.bss)
    .bss                                     0x200004a0   Section      616  usart.o(.bss)
    .bss                                     0x20000708   Section      192  gtim.o(.bss)
    .bss                                     0x200007c8   Section       96  libspace.o(.bss)
    HEAP                                     0x20000828   Section      512  startup_stm32f103xb.o(HEAP)
    Heap_Mem                                 0x20000828   Data         512  startup_stm32f103xb.o(HEAP)
    STACK                                    0x20000a28   Section     1024  startup_stm32f103xb.o(STACK)
    Stack_Mem                                0x20000a28   Data        1024  startup_stm32f103xb.o(STACK)
    __initial_sp                             0x20000e28   Data           0  startup_stm32f103xb.o(STACK)

    Global Symbols

    Symbol Name                              Value     Ov Type        Size  Object(Section)

    BuildAttributes$$THM_ISAv4$P$D$K$B$S$PE$A:L22UL41UL21$X:L11$S22US41US21$IEEE1$IW$USESV6$~STKCKD$USESV7$~SHL$OTIME$ROPI$IEEEX$EBA8$UX$STANDARDLIB$REQ8$PRES8$EABIv2 0x00000000   Number         0  anon$$obj.o ABSOLUTE
    __ARM_use_no_argv                        0x00000000   Number         0  main.o ABSOLUTE
    _printf_flags                            0x00000000   Number         0  printf_stubs.o ABSOLUTE
    _printf_return_value                     0x00000000   Number         0  printf_stubs.o ABSOLUTE
    _printf_sizespec                         0x00000000   Number         0  printf_stubs.o ABSOLUTE
    _printf_widthprec                        0x00000000   Number         0  printf_stubs.o ABSOLUTE
    __ARM_exceptions_init                     - Undefined Weak Reference
    __alloca_initialize                       - Undefined Weak Reference
    __arm_preinit_                            - Undefined Weak Reference
    __cpp_initialize__aeabi_                  - Undefined Weak Reference
    __cxa_finalize                            - Undefined Weak Reference
    __sigvec_lookup                           - Undefined Weak Reference
    _atexit_init                              - Undefined Weak Reference
    _call_atexit_fns                          - Undefined Weak Reference
    _clock_init                               - Undefined Weak Reference
    _fp_trap_init                             - Undefined Weak Reference
    _fp_trap_shutdown                         - Undefined Weak Reference
    _get_lc_collate                           - Undefined Weak Reference
    _get_lc_ctype                             - Undefined Weak Reference
    _get_lc_monetary                          - Undefined Weak Reference
    _get_lc_time                              - Undefined Weak Reference
    _getenv_init                              - Undefined Weak Reference
    _handle_redirection                       - Undefined Weak Reference
    _init_alloc                               - Undefined Weak Reference
    _init_user_alloc                          - Undefined Weak Reference
    _initio                                   - Undefined Weak Reference
    _mutex_acquire                            - Undefined Weak Reference
    _mutex_release                            - Undefined Weak Reference
    _printf_mbtowc                            - Undefined Weak Reference
    _printf_truncate_signed                   - Undefined Weak Reference
    _printf_truncate_unsigned                 - Undefined Weak Reference
    _rand_init                                - Undefined Weak Reference
    _signal_finish                            - Undefined Weak Reference
    _signal_init                              - Undefined Weak Reference
    _terminate_alloc                          - Undefined Weak Reference
    _terminate_user_alloc                     - Undefined Weak Reference
    _terminateio                              - Undefined Weak Reference
    __Vectors_Size                           0x000000ec   Number         0  startup_stm32f103xb.o ABSOLUTE
    __Vectors                                0x08000000   Data           4  startup_stm32f103xb.o(RESET)
    __Vectors_End                            0x080000ec   Data           0  startup_stm32f103xb.o(RESET)
    __main                                   0x080000ed   Thumb Code     8  __main.o(!!!main)
    __scatterload                            0x080000f5   Thumb Code     0  __scatter.o(!!!scatter)
    __scatterload_rt2                        0x080000f5   Thumb Code    44  __scatter.o(!!!scatter)
    __scatterload_rt2_thumb_only             0x080000f5   Thumb Code     0  __scatter.o(!!!scatter)
    __scatterload_null                       0x08000103   Thumb Code     0  __scatter.o(!!!scatter)
    __scatterload_copy                       0x08000129   Thumb Code    26  __scatter_copy.o(!!handler_copy)
    __scatterload_zeroinit                   0x08000145   Thumb Code    28  __scatter_zi.o(!!handler_zi)
    _printf_d                                0x08000161   Thumb Code     0  _printf_d.o(.ARM.Collect$$_printf_percent$$00000009)
    _printf_percent                          0x08000161   Thumb Code     0  _printf_percent.o(.ARM.Collect$$_printf_percent$$00000000)
    _printf_x                                0x08000167   Thumb Code     0  _printf_x.o(.ARM.Collect$$_printf_percent$$0000000C)
    _printf_s                                0x0800016d   Thumb Code     0  _printf_s.o(.ARM.Collect$$_printf_percent$$00000014)
    _printf_percent_end                      0x08000173   Thumb Code     0  _printf_percent_end.o(.ARM.Collect$$_printf_percent$$00000017)
    __rt_lib_init                            0x08000177   Thumb Code     0  libinit.o(.ARM.Collect$$libinit$$00000000)
    __rt_lib_init_alloca_1                   0x08000179   Thumb Code     0  libinit2.o(.ARM.Collect$$libinit$$0000002E)
    __rt_lib_init_argv_1                     0x08000179   Thumb Code     0  libinit2.o(.ARM.Collect$$libinit$$0000002C)
    __rt_lib_init_atexit_1                   0x08000179   Thumb Code     0  libinit2.o(.ARM.Collect$$libinit$$0000001B)
    __rt_lib_init_clock_1                    0x08000179   Thumb Code     0  libinit2.o(.ARM.Collect$$libinit$$00000021)
    __rt_lib_init_cpp_1                      0x08000179   Thumb Code     0  libinit2.o(.ARM.Collect$$libinit$$00000032)
    __rt_lib_init_exceptions_1               0x08000179   Thumb Code     0  libinit2.o(.ARM.Collect$$libinit$$00000030)
    __rt_lib_init_fp_1                       0x08000179   Thumb Code     0  libinit2.o(.ARM.Collect$$libinit$$00000002)
    __rt_lib_init_fp_trap_1                  0x08000179   Thumb Code     0  libinit2.o(.ARM.Collect$$libinit$$0000001F)
    __rt_lib_init_getenv_1                   0x08000179   Thumb Code     0  libinit2.o(.ARM.Collect$$libinit$$00000023)
    __rt_lib_init_heap_1                     0x08000179   Thumb Code     0  libinit2.o(.ARM.Collect$$libinit$$0000000A)
    __rt_lib_init_lc_collate_1               0x08000179   Thumb Code     0  libinit2.o(.ARM.Collect$$libinit$$00000011)
    __rt_lib_init_lc_ctype_1                 0x08000179   Thumb Code     0  libinit2.o(.ARM.Collect$$libinit$$00000013)
    __rt_lib_init_lc_monetary_1              0x08000179   Thumb Code     0  libinit2.o(.ARM.Collect$$libinit$$00000015)
    __rt_lib_init_lc_numeric_1               0x08000179   Thumb Code     0  libinit2.o(.ARM.Collect$$libinit$$00000017)
    __rt_lib_init_lc_time_1                  0x08000179   Thumb Code     0  libinit2.o(.ARM.Collect$$libinit$$00000019)
    __rt_lib_init_preinit_1                  0x08000179   Thumb Code     0  libinit2.o(.ARM.Collect$$libinit$$00000004)
    __rt_lib_init_rand_1                     0x08000179   Thumb Code     0  libinit2.o(.ARM.Collect$$libinit$$0000000E)
    __rt_lib_init_return                     0x08000179   Thumb Code     0  libinit2.o(.ARM.Collect$$libinit$$00000033)
    __rt_lib_init_signal_1                   0x08000179   Thumb Code     0  libinit2.o(.ARM.Collect$$libinit$$0000001D)
    __rt_lib_init_stdio_1                    0x08000179   Thumb Code     0  libinit2.o(.ARM.Collect$$libinit$$00000025)
    __rt_lib_init_user_alloc_1               0x08000179   Thumb Code     0  libinit2.o(.ARM.Collect$$libinit$$0000000C)
    __rt_lib_shutdown                        0x0800017b   Thumb Code     0  libshutdown.o(.ARM.Collect$$libshutdown$$00000000)
    __rt_lib_shutdown_cpp_1                  0x0800017d   Thumb Code     0  libshutdown2.o(.ARM.Collect$$libshutdown$$00000002)
    __rt_lib_shutdown_fp_trap_1              0x0800017d   Thumb Code     0  libshutdown2.o(.ARM.Collect$$libshutdown$$00000007)
    __rt_lib_shutdown_heap_1                 0x0800017d   Thumb Code     0  libshutdown2.o(.ARM.Collect$$libshutdown$$0000000F)
    __rt_lib_shutdown_return                 0x0800017d   Thumb Code     0  libshutdown2.o(.ARM.Collect$$libshutdown$$00000010)
    __rt_lib_shutdown_signal_1               0x0800017d   Thumb Code     0  libshutdown2.o(.ARM.Collect$$libshutdown$$0000000A)
    __rt_lib_shutdown_stdio_1                0x0800017d   Thumb Code     0  libshutdown2.o(.ARM.Collect$$libshutdown$$00000004)
    __rt_lib_shutdown_user_alloc_1           0x0800017d   Thumb Code     0  libshutdown2.o(.ARM.Collect$$libshutdown$$0000000C)
    __rt_entry                               0x0800017f   Thumb Code     0  __rtentry.o(.ARM.Collect$$rtentry$$00000000)
    __rt_entry_presh_1                       0x0800017f   Thumb Code     0  __rtentry2.o(.ARM.Collect$$rtentry$$00000002)
    __rt_entry_sh                            0x0800017f   Thumb Code     0  __rtentry4.o(.ARM.Collect$$rtentry$$00000004)
    __rt_entry_li                            0x08000185   Thumb Code     0  __rtentry2.o(.ARM.Collect$$rtentry$$0000000A)
    __rt_entry_postsh_1                      0x08000185   Thumb Code     0  __rtentry2.o(.ARM.Collect$$rtentry$$00000009)
    __rt_entry_main                          0x08000189   Thumb Code     0  __rtentry2.o(.ARM.Collect$$rtentry$$0000000D)
    __rt_entry_postli_1                      0x08000189   Thumb Code     0  __rtentry2.o(.ARM.Collect$$rtentry$$0000000C)
    __rt_exit                                0x08000191   Thumb Code     0  rtexit.o(.ARM.Collect$$rtexit$$00000000)
    __rt_exit_ls                             0x08000193   Thumb Code     0  rtexit2.o(.ARM.Collect$$rtexit$$00000003)
    __rt_exit_prels_1                        0x08000193   Thumb Code     0  rtexit2.o(.ARM.Collect$$rtexit$$00000002)
    __rt_exit_exit                           0x08000197   Thumb Code     0  rtexit2.o(.ARM.Collect$$rtexit$$00000004)
    SVC_Handler                              0x0800019d   Thumb Code    32  port.o(.emb_text)
    __asm___6_port_c_39a90d8d__prvStartFirstTask 0x080001c1   Thumb Code    28  port.o(.emb_text)
    PendSV_Handler                           0x080001e1   Thumb Code    72  port.o(.emb_text)
    vPortGetIPSR                             0x0800022d   Thumb Code     6  port.o(.emb_text)
    Reset_Handler                            0x08000235   Thumb Code     8  startup_stm32f103xb.o(.text)
    ADC1_2_IRQHandler                        0x0800024f   Thumb Code     0  startup_stm32f103xb.o(.text)
    CAN1_RX1_IRQHandler                      0x0800024f   Thumb Code     0  startup_stm32f103xb.o(.text)
    CAN1_SCE_IRQHandler                      0x0800024f   Thumb Code     0  startup_stm32f103xb.o(.text)
    DMA1_Channel2_IRQHandler                 0x0800024f   Thumb Code     0  startup_stm32f103xb.o(.text)
    DMA1_Channel3_IRQHandler                 0x0800024f   Thumb Code     0  startup_stm32f103xb.o(.text)
    DMA1_Channel4_IRQHandler                 0x0800024f   Thumb Code     0  startup_stm32f103xb.o(.text)
    DMA1_Channel5_IRQHandler                 0x0800024f   Thumb Code     0  startup_stm32f103xb.o(.text)
    DMA1_Channel6_IRQHandler                 0x0800024f   Thumb Code     0  startup_stm32f103xb.o(.text)
    DMA1_Channel7_IRQHandler                 0x0800024f   Thumb Code     0  startup_stm32f103xb.o(.text)
    EXTI0_IRQHandler                         0x0800024f   Thumb Code     0  startup_stm32f103xb.o(.text)
    EXTI15_10_IRQHandler                     0x0800024f   Thumb Code     0  startup_stm32f103xb.o(.text)
    EXTI1_IRQHandler                         0x0800024f   Thumb Code     0  startup_stm32f103xb.o(.text)
    EXTI2_IRQHandler                         0x0800024f   Thumb Code     0  startup_stm32f103xb.o(.text)
    EXTI3_IRQHandler                         0x0800024f   Thumb Code     0  startup_stm32f103xb.o(.text)
    EXTI4_IRQHandler                         0x0800024f   Thumb Code     0  startup_stm32f103xb.o(.text)
    FLASH_IRQHandler                         0x0800024f   Thumb Code     0  startup_stm32f103xb.o(.text)
    I2C1_ER_IRQHandler                       0x0800024f   Thumb Code     0  startup_stm32f103xb.o(.text)
    I2C1_EV_IRQHandler                       0x0800024f   Thumb Code     0  startup_stm32f103xb.o(.text)
    I2C2_ER_IRQHandler                       0x0800024f   Thumb Code     0  startup_stm32f103xb.o(.text)
    I2C2_EV_IRQHandler                       0x0800024f   Thumb Code     0  startup_stm32f103xb.o(.text)
    PVD_IRQHandler                           0x0800024f   Thumb Code     0  startup_stm32f103xb.o(.text)
    RCC_IRQHandler                           0x0800024f   Thumb Code     0  startup_stm32f103xb.o(.text)
    RTC_Alarm_IRQHandler                     0x0800024f   Thumb Code     0  startup_stm32f103xb.o(.text)
    RTC_IRQHandler                           0x0800024f   Thumb Code     0  startup_stm32f103xb.o(.text)
    SPI1_IRQHandler                          0x0800024f   Thumb Code     0  startup_stm32f103xb.o(.text)
    SPI2_IRQHandler                          0x0800024f   Thumb Code     0  startup_stm32f103xb.o(.text)
    TAMPER_IRQHandler                        0x0800024f   Thumb Code     0  startup_stm32f103xb.o(.text)
    TIM1_BRK_IRQHandler                      0x0800024f   Thumb Code     0  startup_stm32f103xb.o(.text)
    TIM1_CC_IRQHandler                       0x0800024f   Thumb Code     0  startup_stm32f103xb.o(.text)
    TIM1_TRG_COM_IRQHandler                  0x0800024f   Thumb Code     0  startup_stm32f103xb.o(.text)
    TIM1_UP_IRQHandler                       0x0800024f   Thumb Code     0  startup_stm32f103xb.o(.text)
    TIM4_IRQHandler                          0x0800024f   Thumb Code     0  startup_stm32f103xb.o(.text)
    USART2_IRQHandler                        0x0800024f   Thumb Code     0  startup_stm32f103xb.o(.text)
    USBWakeUp_IRQHandler                     0x0800024f   Thumb Code     0  startup_stm32f103xb.o(.text)
    USB_HP_CAN1_TX_IRQHandler                0x0800024f   Thumb Code     0  startup_stm32f103xb.o(.text)
    USB_LP_CAN1_RX0_IRQHandler               0x0800024f   Thumb Code     0  startup_stm32f103xb.o(.text)
    WWDG_IRQHandler                          0x0800024f   Thumb Code     0  startup_stm32f103xb.o(.text)
    __user_initial_stackheap                 0x08000251   Thumb Code     0  startup_stm32f103xb.o(.text)
    __use_no_semihosting                     0x08000275   Thumb Code     2  use_no_semi_2.o(.text)
    __2printf                                0x08000279   Thumb Code    20  noretval__2printf.o(.text)
    __2snprintf                              0x08000291   Thumb Code    48  noretval__2snprintf.o(.text)
    _printf_pre_padding                      0x080002c5   Thumb Code    44  _printf_pad.o(.text)
    _printf_post_padding                     0x080002f1   Thumb Code    34  _printf_pad.o(.text)
    _printf_str                              0x08000313   Thumb Code    82  _printf_str.o(.text)
    _printf_int_dec                          0x08000365   Thumb Code   104  _printf_dec.o(.text)
    _printf_int_hex                          0x080003dd   Thumb Code    84  _printf_hex_int.o(.text)
    _printf_longlong_hex                     0x080003dd   Thumb Code     0  _printf_hex_int.o(.text)
    __printf                                 0x08000435   Thumb Code   308  __printf_flags_wp.o(.text)
    strstr                                   0x0800056d   Thumb Code    36  strstr.o(.text)
    strlen                                   0x08000591   Thumb Code    62  strlen.o(.text)
    strncmp                                  0x080005cf   Thumb Code   150  strncmp.o(.text)
    __aeabi_memcpy                           0x08000665   Thumb Code     0  rt_memcpy_v6.o(.text)
    __rt_memcpy                              0x08000665   Thumb Code   138  rt_memcpy_v6.o(.text)
    _memcpy_lastbytes                        0x080006cb   Thumb Code     0  rt_memcpy_v6.o(.text)
    __aeabi_memcpy4                          0x080006ef   Thumb Code     0  rt_memcpy_w.o(.text)
    __aeabi_memcpy8                          0x080006ef   Thumb Code     0  rt_memcpy_w.o(.text)
    __rt_memcpy_w                            0x080006ef   Thumb Code   100  rt_memcpy_w.o(.text)
    _memcpy_lastbytes_aligned                0x08000737   Thumb Code     0  rt_memcpy_w.o(.text)
    __aeabi_memclr                           0x08000753   Thumb Code     0  rt_memclr.o(.text)
    __rt_memclr                              0x08000753   Thumb Code    68  rt_memclr.o(.text)
    _memset                                  0x08000757   Thumb Code     0  rt_memclr.o(.text)
    __aeabi_memclr4                          0x08000797   Thumb Code     0  rt_memclr_w.o(.text)
    __aeabi_memclr8                          0x08000797   Thumb Code     0  rt_memclr_w.o(.text)
    __rt_memclr_w                            0x08000797   Thumb Code    78  rt_memclr_w.o(.text)
    _memset_w                                0x0800079b   Thumb Code     0  rt_memclr_w.o(.text)
    __use_two_region_memory                  0x080007e5   Thumb Code     2  heapauxi.o(.text)
    __rt_heap_escrow$2region                 0x080007e7   Thumb Code     2  heapauxi.o(.text)
    __rt_heap_expand$2region                 0x080007e9   Thumb Code     2  heapauxi.o(.text)
    __semihosting$guard                      0x080007eb   Thumb Code     0  use_no_semi.o(.text)
    __use_no_semihosting_swi                 0x080007eb   Thumb Code     2  use_no_semi.o(.text)
    _printf_int_common                       0x080007ed   Thumb Code   178  _printf_intcommon.o(.text)
    _printf_char_common                      0x080008ab   Thumb Code    32  _printf_char_common.o(.text)
    _sputc                                   0x080008d1   Thumb Code    10  _sputc.o(.text)
    _snputc                                  0x080008db   Thumb Code    16  _snputc.o(.text)
    _printf_cs_common                        0x080008eb   Thumb Code    20  _printf_char.o(.text)
    _printf_char                             0x080008ff   Thumb Code    16  _printf_char.o(.text)
    _printf_string                           0x0800090f   Thumb Code     8  _printf_char.o(.text)
    _printf_char_file                        0x08000919   Thumb Code    32  _printf_char_file.o(.text)
    ferror                                   0x0800093d   Thumb Code     8  ferror.o(.text)
    __user_libspace                          0x08000945   Thumb Code     8  libspace.o(.text)
    __user_perproc_libspace                  0x08000945   Thumb Code     0  libspace.o(.text)
    __user_perthread_libspace                0x08000945   Thumb Code     0  libspace.o(.text)
    __user_setup_stackheap                   0x0800094d   Thumb Code    74  sys_stackheap_outer.o(.text)
    exit                                     0x08000997   Thumb Code    18  exit.o(.text)
    BusFault_Handler                         0x080009a9   Thumb Code     4  stm32f10x_it.o(i.BusFault_Handler)
    DMA1_Channel1_IRQHandler                 0x080009ad   Thumb Code    34  adc.o(i.DMA1_Channel1_IRQHandler)
    DebugMon_Handler                         0x080009d9   Thumb Code     2  stm32f10x_it.o(i.DebugMon_Handler)
    ESP8266_Init                             0x080009dd   Thumb Code    90  esp01_driver.o(i.ESP8266_Init)
    ESP8266_SendCommand                      0x08000a85   Thumb Code   112  esp01_driver.o(i.ESP8266_SendCommand)
    ESP8266_WaitForResponse                  0x08000b15   Thumb Code   100  esp01_driver.o(i.ESP8266_WaitForResponse)
    EXTI9_5_IRQHandler                       0x08000bb5   Thumb Code    48  key.o(i.EXTI9_5_IRQHandler)
    HAL_DMA_Abort_IT                         0x08000bed   Thumb Code   172  stm32f1xx_hal_dma.o(i.HAL_DMA_Abort_IT)
    HAL_Delay                                0x08000c9d   Thumb Code    12  delay.o(i.HAL_Delay)
    HAL_GPIO_EXTI_Callback                   0x08000ca9   Thumb Code   216  key.o(i.HAL_GPIO_EXTI_Callback)
    HAL_GPIO_EXTI_IRQHandler                 0x08000d91   Thumb Code    24  stm32f1xx_hal_gpio.o(i.HAL_GPIO_EXTI_IRQHandler)
    HAL_GPIO_Init                            0x08000dad   Thumb Code   766  stm32f1xx_hal_gpio.o(i.HAL_GPIO_Init)
    HAL_GPIO_ReadPin                         0x080010cd   Thumb Code    16  stm32f1xx_hal_gpio.o(i.HAL_GPIO_ReadPin)
    HAL_GetTick                              0x080010dd   Thumb Code     6  stm32f1xx_hal.o(i.HAL_GetTick)
    HAL_IncTick                              0x080010e9   Thumb Code    16  stm32f1xx_hal.o(i.HAL_IncTick)
    HAL_Init                                 0x08001101   Thumb Code    34  stm32f1xx_hal.o(i.HAL_Init)
    HAL_InitTick                             0x08001129   Thumb Code    64  stm32f1xx_hal.o(i.HAL_InitTick)
    HAL_MspInit                              0x08001175   Thumb Code     2  stm32f1xx_hal.o(i.HAL_MspInit)
    HAL_NVIC_EnableIRQ                       0x08001177   Thumb Code    32  stm32f1xx_hal_cortex.o(i.HAL_NVIC_EnableIRQ)
    HAL_NVIC_SetPriority                     0x08001197   Thumb Code   124  stm32f1xx_hal_cortex.o(i.HAL_NVIC_SetPriority)
    HAL_NVIC_SetPriorityGrouping             0x08001215   Thumb Code    32  stm32f1xx_hal_cortex.o(i.HAL_NVIC_SetPriorityGrouping)
    HAL_RCC_ClockConfig                      0x0800123d   Thumb Code   376  stm32f1xx_hal_rcc.o(i.HAL_RCC_ClockConfig)
    HAL_RCC_GetHCLKFreq                      0x080013c9   Thumb Code     6  stm32f1xx_hal_rcc.o(i.HAL_RCC_GetHCLKFreq)
    HAL_RCC_GetPCLK1Freq                     0x080013d5   Thumb Code    22  stm32f1xx_hal_rcc.o(i.HAL_RCC_GetPCLK1Freq)
    HAL_RCC_GetPCLK2Freq                     0x080013f5   Thumb Code    22  stm32f1xx_hal_rcc.o(i.HAL_RCC_GetPCLK2Freq)
    HAL_RCC_GetSysClockFreq                  0x08001415   Thumb Code   116  stm32f1xx_hal_rcc.o(i.HAL_RCC_GetSysClockFreq)
    HAL_RCC_OscConfig                        0x080014ad   Thumb Code  1114  stm32f1xx_hal_rcc.o(i.HAL_RCC_OscConfig)
    HAL_SYSTICK_CLKSourceConfig              0x08001911   Thumb Code    40  stm32f1xx_hal_cortex.o(i.HAL_SYSTICK_CLKSourceConfig)
    HAL_SYSTICK_Config                       0x08001939   Thumb Code    52  stm32f1xx_hal_cortex.o(i.HAL_SYSTICK_Config)
    HAL_TIMEx_BreakCallback                  0x0800196d   Thumb Code     2  stm32f1xx_hal_tim_ex.o(i.HAL_TIMEx_BreakCallback)
    HAL_TIMEx_CommutCallback                 0x0800196f   Thumb Code     2  stm32f1xx_hal_tim_ex.o(i.HAL_TIMEx_CommutCallback)
    HAL_TIM_IC_CaptureCallback               0x08001971   Thumb Code   326  gtim.o(i.HAL_TIM_IC_CaptureCallback)
    HAL_TIM_IRQHandler                       0x08001ae5   Thumb Code   406  stm32f1xx_hal_tim.o(i.HAL_TIM_IRQHandler)
    HAL_TIM_OC_DelayElapsedCallback          0x08001c7b   Thumb Code     2  stm32f1xx_hal_tim.o(i.HAL_TIM_OC_DelayElapsedCallback)
    HAL_TIM_PWM_PulseFinishedCallback        0x08001c7d   Thumb Code     2  stm32f1xx_hal_tim.o(i.HAL_TIM_PWM_PulseFinishedCallback)
    HAL_TIM_PeriodElapsedCallback            0x08001c7f   Thumb Code     2  gtim.o(i.HAL_TIM_PeriodElapsedCallback)
    HAL_TIM_ReadCapturedValue                0x08001c81   Thumb Code    50  stm32f1xx_hal_tim.o(i.HAL_TIM_ReadCapturedValue)
    HAL_TIM_TriggerCallback                  0x08001cb3   Thumb Code     2  stm32f1xx_hal_tim.o(i.HAL_TIM_TriggerCallback)
    HAL_UART_AbortCpltCallback               0x08001cb5   Thumb Code     2  stm32f1xx_hal_uart.o(i.HAL_UART_AbortCpltCallback)
    HAL_UART_AbortReceiveCpltCallback        0x08001cb7   Thumb Code     2  stm32f1xx_hal_uart.o(i.HAL_UART_AbortReceiveCpltCallback)
    HAL_UART_AbortTransmitCpltCallback       0x08001cb9   Thumb Code     2  stm32f1xx_hal_uart.o(i.HAL_UART_AbortTransmitCpltCallback)
    HAL_UART_ErrorCallback                   0x08001cbb   Thumb Code     2  stm32f1xx_hal_uart.o(i.HAL_UART_ErrorCallback)
    HAL_UART_IRQHandler                      0x08001cbd   Thumb Code   328  stm32f1xx_hal_uart.o(i.HAL_UART_IRQHandler)
    HAL_UART_Init                            0x08001e09   Thumb Code   128  stm32f1xx_hal_uart.o(i.HAL_UART_Init)
    HAL_UART_MspInit                         0x08001e8d   Thumb Code   326  usart.o(i.HAL_UART_MspInit)
    HAL_UART_Receive_IT                      0x08001fe9   Thumb Code   112  stm32f1xx_hal_uart.o(i.HAL_UART_Receive_IT)
    HAL_UART_RxCpltCallback                  0x08002059   Thumb Code   194  usart.o(i.HAL_UART_RxCpltCallback)
    HAL_UART_RxHalfCpltCallback              0x08002145   Thumb Code     2  stm32f1xx_hal_uart.o(i.HAL_UART_RxHalfCpltCallback)
    HAL_UART_Transmit                        0x08002147   Thumb Code   214  stm32f1xx_hal_uart.o(i.HAL_UART_Transmit)
    HAL_UART_TxCpltCallback                  0x0800221d   Thumb Code     2  stm32f1xx_hal_uart.o(i.HAL_UART_TxCpltCallback)
    HAL_UART_TxHalfCpltCallback              0x0800221f   Thumb Code     2  stm32f1xx_hal_uart.o(i.HAL_UART_TxHalfCpltCallback)
    HardFault_Handler                        0x08002221   Thumb Code     4  stm32f10x_it.o(i.HardFault_Handler)
    MemManage_Handler                        0x08002225   Thumb Code     4  stm32f10x_it.o(i.MemManage_Handler)
    NMI_Handler                              0x08002229   Thumb Code     2  stm32f10x_it.o(i.NMI_Handler)
    SysTick_Handler                          0x08002255   Thumb Code    20  delay.o(i.SysTick_Handler)
    SystemInit                               0x08002269   Thumb Code    70  system_stm32f1xx.o(i.SystemInit)
    TIM2_IRQHandler                          0x080022c1   Thumb Code    10  gtim.o(i.TIM2_IRQHandler)
    TIM3_IRQHandler                          0x080022d1   Thumb Code    24  gtim.o(i.TIM3_IRQHandler)
    UART_InitCallbacksToDefault              0x08002341   Thumb Code    34  stm32f1xx_hal_uart.o(i.UART_InitCallbacksToDefault)
    USART1_IRQHandler                        0x080026a1   Thumb Code    10  usart.o(i.USART1_IRQHandler)
    USART3_IRQHandler                        0x080026b1   Thumb Code    90  usart.o(i.USART3_IRQHandler)
    UsageFault_Handler                       0x08002741   Thumb Code     4  stm32f10x_it.o(i.UsageFault_Handler)
    _is_digit                                0x0800277d   Thumb Code    14  __printf_wp.o(i._is_digit)
    _sys_exit                                0x0800278b   Thumb Code     4  usart.o(i._sys_exit)
    delay_init                               0x08002791   Thumb Code    52  delay.o(i.delay_init)
    delay_ms                                 0x080027c9   Thumb Code    18  delay.o(i.delay_ms)
    delay_us                                 0x080027dd   Thumb Code    68  delay.o(i.delay_us)
    fputc                                    0x08002825   Thumb Code    24  usart.o(i.fputc)
    main                                     0x08002841   Thumb Code   230  main.o(i.main)
    sys_stm32_clock_init                     0x080029e9   Thumb Code   102  sys.o(i.sys_stm32_clock_init)
    usart1_init                              0x08002a51   Thumb Code    44  usart.o(i.usart1_init)
    usart3_debug_info                        0x08002a89   Thumb Code   116  main.o(i.usart3_debug_info)
    usart3_init                              0x08002bd1   Thumb Code    90  usart.o(i.usart3_init)
    usart3_restart_receive                   0x08002c45   Thumb Code    28  usart.o(i.usart3_restart_receive)
    vTaskSwitchContext                       0x08002c75   Thumb Code   126  tasks.o(i.vTaskSwitchContext)
    xPortSysTickHandler                      0x08002d09   Thumb Code    46  port.o(i.xPortSysTickHandler)
    xTaskGetSchedulerState                   0x08002d3d   Thumb Code    24  tasks.o(i.xTaskGetSchedulerState)
    xTaskIncrementTick                       0x08002d5d   Thumb Code   414  tasks.o(i.xTaskIncrementTick)
    __aeabi_fdiv                             0x08002f29   Thumb Code     0  fdiv.o(x$fpl$fdiv)
    _fdiv                                    0x08002f29   Thumb Code   384  fdiv.o(x$fpl$fdiv)
    __aeabi_ui2f                             0x080030ad   Thumb Code     0  fflt_clz.o(x$fpl$ffltu)
    _ffltu                                   0x080030ad   Thumb Code    38  fflt_clz.o(x$fpl$ffltu)
    __aeabi_fmul                             0x080030d5   Thumb Code     0  fmul.o(x$fpl$fmul)
    _fmul                                    0x080030d5   Thumb Code   258  fmul.o(x$fpl$fmul)
    __fpl_fnaninf                            0x080031d7   Thumb Code   140  fnaninf.o(x$fpl$fnaninf)
    __fpl_fretinf                            0x08003263   Thumb Code    10  fretinf.o(x$fpl$fretinf)
    AHBPrescTable                            0x0800326c   Data          16  system_stm32f1xx.o(.constdata)
    __I$use$fp                               0x0800326c   Number         0  usenofp.o(x$fpl$usenofp)
    APBPrescTable                            0x0800327c   Data           8  system_stm32f1xx.o(.constdata)
    Region$$Table$$Base                      0x080032c0   Number         0  anon$$obj.o(Region$$Table)
    Region$$Table$$Limit                     0x080032e0   Number         0  anon$$obj.o(Region$$Table)
    StartTask_Handler                        0x20000000   Data           4  freertos_demo.o(.data)
    ADCTask_Handler                          0x20000004   Data           4  freertos_demo.o(.data)
    PWMTask_Handler                          0x20000008   Data           4  freertos_demo.o(.data)
    DISTask_Handler                          0x2000000c   Data           4  freertos_demo.o(.data)
    KEYTask_Handler                          0x20000010   Data           4  freertos_demo.o(.data)
    adcx                                     0x20000014   Data           4  freertos_demo.o(.data)
    ledrpwmval                               0x20000018   Data           2  freertos_demo.o(.data)
    temp                                     0x2000001c   Data           4  freertos_demo.o(.data)
    last_temp                                0x20000020   Data           4  freertos_demo.o(.data)
    SystemCoreClock                          0x20000024   Data           4  system_stm32f1xx.o(.data)
    pxCurrentTCB                             0x20000028   Data           4  tasks.o(.data)
    uwTick                                   0x20000068   Data           4  stm32f1xx_hal.o(.data)
    uwTickPrio                               0x2000006c   Data           4  stm32f1xx_hal.o(.data)
    uwTickFreq                               0x20000070   Data           1  stm32f1xx_hal.o(.data)
    __stdout                                 0x20000074   Data           4  usart.o(.data)
    g_usart1_rx_sta                          0x20000078   Data           2  usart.o(.data)
    g_usart1_rx_buffer                       0x2000007a   Data           1  usart.o(.data)
    g_usart3_rx_sta                          0x2000007c   Data           2  usart.o(.data)
    g_usart3_rx_buffer                       0x2000007e   Data           1  usart.o(.data)
    g_usart3_idle_flag                       0x2000007f   Data           1  usart.o(.data)
    g_usart3_rx_len                          0x20000080   Data           2  usart.o(.data)
    g_adc_dma_sta                            0x20000088   Data           1  adc.o(.data)
    g_timxchy_cap_sta                        0x200000a0   Data           1  gtim.o(.data)
    g_timxchy_cap_val                        0x200000a2   Data           2  gtim.o(.data)
    rise_time                                0x200000a4   Data           4  gtim.o(.data)
    fall_time                                0x200000a8   Data           4  gtim.o(.data)
    period                                   0x200000ac   Data           4  gtim.o(.data)
    high_time                                0x200000b0   Data           4  gtim.o(.data)
    new_rise                                 0x200000b4   Data           4  gtim.o(.data)
    capture_count                            0x200000b8   Data           1  gtim.o(.data)
    fre                                      0x200000bc   Data           4  gtim.o(.data)
    duty_cycle                               0x200000c0   Data           4  gtim.o(.data)
    esp8266                                  0x200000c4   Data         528  main.o(.bss)
    g_adc_dma_buf                            0x200002d4   Data         100  main.o(.bss)
    clk_config                               0x20000338   Data          20  main.o(.bss)
    g_usart1_rx_buf                          0x200004a0   Data         200  usart.o(.bss)
    g_usart3_rx_buf                          0x20000568   Data         200  usart.o(.bss)
    g_uart1_handle                           0x20000630   Data         108  usart.o(.bss)
    g_uart3_handle                           0x2000069c   Data         108  usart.o(.bss)
    g_timx_handle                            0x20000708   Data          64  gtim.o(.bss)
    g_timx_pwm_chy_handle                    0x20000748   Data          64  gtim.o(.bss)
    g_timx_cap_chy_handle                    0x20000788   Data          64  gtim.o(.bss)
    __libspace_start                         0x200007c8   Data          96  libspace.o(.bss)
    __temporary_stack_top$libspace           0x20000828   Data           0  libspace.o(.bss)



==============================================================================

Memory Map of the image

  Image Entry point : 0x080000ed

  Load Region LR_IROM1 (Base: 0x08000000, Size: 0x000033a4, Max: 0x00010000, ABSOLUTE)

    Execution Region ER_IROM1 (Base: 0x08000000, Size: 0x000032e0, Max: 0x00010000, ABSOLUTE)

    Base Addr    Size         Type   Attr      Idx    E Section Name        Object

    0x08000000   0x000000ec   Data   RO          525    RESET               startup_stm32f103xb.o
    0x080000ec   0x00000008   Code   RO         5689  * !!!main             c_w.l(__main.o)
    0x080000f4   0x00000034   Code   RO         6012    !!!scatter          c_w.l(__scatter.o)
    0x08000128   0x0000001a   Code   RO         6014    !!handler_copy      c_w.l(__scatter_copy.o)
    0x08000142   0x00000002   PAD
    0x08000144   0x0000001c   Code   RO         6016    !!handler_zi        c_w.l(__scatter_zi.o)
    0x08000160   0x00000000   Code   RO         5668    .ARM.Collect$$_printf_percent$$00000000  c_w.l(_printf_percent.o)
    0x08000160   0x00000006   Code   RO         5666    .ARM.Collect$$_printf_percent$$00000009  c_w.l(_printf_d.o)
    0x08000166   0x00000006   Code   RO         5665    .ARM.Collect$$_printf_percent$$0000000C  c_w.l(_printf_x.o)
    0x0800016c   0x00000006   Code   RO         5664    .ARM.Collect$$_printf_percent$$00000014  c_w.l(_printf_s.o)
    0x08000172   0x00000004   Code   RO         5762    .ARM.Collect$$_printf_percent$$00000017  c_w.l(_printf_percent_end.o)
    0x08000176   0x00000002   Code   RO         5890    .ARM.Collect$$libinit$$00000000  c_w.l(libinit.o)
    0x08000178   0x00000000   Code   RO         5892    .ARM.Collect$$libinit$$00000002  c_w.l(libinit2.o)
    0x08000178   0x00000000   Code   RO         5894    .ARM.Collect$$libinit$$00000004  c_w.l(libinit2.o)
    0x08000178   0x00000000   Code   RO         5897    .ARM.Collect$$libinit$$0000000A  c_w.l(libinit2.o)
    0x08000178   0x00000000   Code   RO         5899    .ARM.Collect$$libinit$$0000000C  c_w.l(libinit2.o)
    0x08000178   0x00000000   Code   RO         5901    .ARM.Collect$$libinit$$0000000E  c_w.l(libinit2.o)
    0x08000178   0x00000000   Code   RO         5904    .ARM.Collect$$libinit$$00000011  c_w.l(libinit2.o)
    0x08000178   0x00000000   Code   RO         5906    .ARM.Collect$$libinit$$00000013  c_w.l(libinit2.o)
    0x08000178   0x00000000   Code   RO         5908    .ARM.Collect$$libinit$$00000015  c_w.l(libinit2.o)
    0x08000178   0x00000000   Code   RO         5910    .ARM.Collect$$libinit$$00000017  c_w.l(libinit2.o)
    0x08000178   0x00000000   Code   RO         5912    .ARM.Collect$$libinit$$00000019  c_w.l(libinit2.o)
    0x08000178   0x00000000   Code   RO         5914    .ARM.Collect$$libinit$$0000001B  c_w.l(libinit2.o)
    0x08000178   0x00000000   Code   RO         5916    .ARM.Collect$$libinit$$0000001D  c_w.l(libinit2.o)
    0x08000178   0x00000000   Code   RO         5918    .ARM.Collect$$libinit$$0000001F  c_w.l(libinit2.o)
    0x08000178   0x00000000   Code   RO         5920    .ARM.Collect$$libinit$$00000021  c_w.l(libinit2.o)
    0x08000178   0x00000000   Code   RO         5922    .ARM.Collect$$libinit$$00000023  c_w.l(libinit2.o)
    0x08000178   0x00000000   Code   RO         5924    .ARM.Collect$$libinit$$00000025  c_w.l(libinit2.o)
    0x08000178   0x00000000   Code   RO         5928    .ARM.Collect$$libinit$$0000002C  c_w.l(libinit2.o)
    0x08000178   0x00000000   Code   RO         5930    .ARM.Collect$$libinit$$0000002E  c_w.l(libinit2.o)
    0x08000178   0x00000000   Code   RO         5932    .ARM.Collect$$libinit$$00000030  c_w.l(libinit2.o)
    0x08000178   0x00000000   Code   RO         5934    .ARM.Collect$$libinit$$00000032  c_w.l(libinit2.o)
    0x08000178   0x00000002   Code   RO         5935    .ARM.Collect$$libinit$$00000033  c_w.l(libinit2.o)
    0x0800017a   0x00000002   Code   RO         5965    .ARM.Collect$$libshutdown$$00000000  c_w.l(libshutdown.o)
    0x0800017c   0x00000000   Code   RO         5973    .ARM.Collect$$libshutdown$$00000002  c_w.l(libshutdown2.o)
    0x0800017c   0x00000000   Code   RO         5975    .ARM.Collect$$libshutdown$$00000004  c_w.l(libshutdown2.o)
    0x0800017c   0x00000000   Code   RO         5978    .ARM.Collect$$libshutdown$$00000007  c_w.l(libshutdown2.o)
    0x0800017c   0x00000000   Code   RO         5981    .ARM.Collect$$libshutdown$$0000000A  c_w.l(libshutdown2.o)
    0x0800017c   0x00000000   Code   RO         5983    .ARM.Collect$$libshutdown$$0000000C  c_w.l(libshutdown2.o)
    0x0800017c   0x00000000   Code   RO         5986    .ARM.Collect$$libshutdown$$0000000F  c_w.l(libshutdown2.o)
    0x0800017c   0x00000002   Code   RO         5987    .ARM.Collect$$libshutdown$$00000010  c_w.l(libshutdown2.o)
    0x0800017e   0x00000000   Code   RO         5745    .ARM.Collect$$rtentry$$00000000  c_w.l(__rtentry.o)
    0x0800017e   0x00000000   Code   RO         5806    .ARM.Collect$$rtentry$$00000002  c_w.l(__rtentry2.o)
    0x0800017e   0x00000006   Code   RO         5818    .ARM.Collect$$rtentry$$00000004  c_w.l(__rtentry4.o)
    0x08000184   0x00000000   Code   RO         5808    .ARM.Collect$$rtentry$$00000009  c_w.l(__rtentry2.o)
    0x08000184   0x00000004   Code   RO         5809    .ARM.Collect$$rtentry$$0000000A  c_w.l(__rtentry2.o)
    0x08000188   0x00000000   Code   RO         5811    .ARM.Collect$$rtentry$$0000000C  c_w.l(__rtentry2.o)
    0x08000188   0x00000008   Code   RO         5812    .ARM.Collect$$rtentry$$0000000D  c_w.l(__rtentry2.o)
    0x08000190   0x00000002   Code   RO         5938    .ARM.Collect$$rtexit$$00000000  c_w.l(rtexit.o)
    0x08000192   0x00000000   Code   RO         5947    .ARM.Collect$$rtexit$$00000002  c_w.l(rtexit2.o)
    0x08000192   0x00000004   Code   RO         5948    .ARM.Collect$$rtexit$$00000003  c_w.l(rtexit2.o)
    0x08000196   0x00000006   Code   RO         5949    .ARM.Collect$$rtexit$$00000004  c_w.l(rtexit2.o)
    0x0800019c   0x00000096   Code   RO          642    .emb_text           port.o
    0x08000232   0x00000002   PAD
    0x08000234   0x00000040   Code   RO          526    .text               startup_stm32f103xb.o
    0x08000274   0x00000002   Code   RO         5605    .text               c_w.l(use_no_semi_2.o)
    0x08000276   0x00000002   PAD
    0x08000278   0x00000018   Code   RO         5611    .text               c_w.l(noretval__2printf.o)
    0x08000290   0x00000034   Code   RO         5613    .text               c_w.l(noretval__2snprintf.o)
    0x080002c4   0x0000004e   Code   RO         5617    .text               c_w.l(_printf_pad.o)
    0x08000312   0x00000052   Code   RO         5619    .text               c_w.l(_printf_str.o)
    0x08000364   0x00000078   Code   RO         5621    .text               c_w.l(_printf_dec.o)
    0x080003dc   0x00000058   Code   RO         5626    .text               c_w.l(_printf_hex_int.o)
    0x08000434   0x00000138   Code   RO         5656    .text               c_w.l(__printf_flags_wp.o)
    0x0800056c   0x00000024   Code   RO         5671    .text               c_w.l(strstr.o)
    0x08000590   0x0000003e   Code   RO         5673    .text               c_w.l(strlen.o)
    0x080005ce   0x00000096   Code   RO         5675    .text               c_w.l(strncmp.o)
    0x08000664   0x0000008a   Code   RO         5677    .text               c_w.l(rt_memcpy_v6.o)
    0x080006ee   0x00000064   Code   RO         5679    .text               c_w.l(rt_memcpy_w.o)
    0x08000752   0x00000044   Code   RO         5683    .text               c_w.l(rt_memclr.o)
    0x08000796   0x0000004e   Code   RO         5685    .text               c_w.l(rt_memclr_w.o)
    0x080007e4   0x00000006   Code   RO         5687    .text               c_w.l(heapauxi.o)
    0x080007ea   0x00000002   Code   RO         5743    .text               c_w.l(use_no_semi.o)
    0x080007ec   0x000000b2   Code   RO         5748    .text               c_w.l(_printf_intcommon.o)
    0x0800089e   0x00000002   PAD
    0x080008a0   0x00000030   Code   RO         5752    .text               c_w.l(_printf_char_common.o)
    0x080008d0   0x0000000a   Code   RO         5754    .text               c_w.l(_sputc.o)
    0x080008da   0x00000010   Code   RO         5756    .text               c_w.l(_snputc.o)
    0x080008ea   0x0000002c   Code   RO         5758    .text               c_w.l(_printf_char.o)
    0x08000916   0x00000002   PAD
    0x08000918   0x00000024   Code   RO         5760    .text               c_w.l(_printf_char_file.o)
    0x0800093c   0x00000008   Code   RO         5861    .text               c_w.l(ferror.o)
    0x08000944   0x00000008   Code   RO         5876    .text               c_w.l(libspace.o)
    0x0800094c   0x0000004a   Code   RO         5879    .text               c_w.l(sys_stackheap_outer.o)
    0x08000996   0x00000012   Code   RO         5881    .text               c_w.l(exit.o)
    0x080009a8   0x00000004   Code   RO          458    i.BusFault_Handler  stm32f10x_it.o
    0x080009ac   0x0000002c   Code   RO         5229    i.DMA1_Channel1_IRQHandler  adc.o
    0x080009d8   0x00000002   Code   RO          459    i.DebugMon_Handler  stm32f10x_it.o
    0x080009da   0x00000002   PAD
    0x080009dc   0x000000a8   Code   RO         5531    i.ESP8266_Init      esp01_driver.o
    0x08000a84   0x00000090   Code   RO         5536    i.ESP8266_SendCommand  esp01_driver.o
    0x08000b14   0x000000a0   Code   RO         5537    i.ESP8266_WaitForResponse  esp01_driver.o
    0x08000bb4   0x00000038   Code   RO         5365    i.EXTI9_5_IRQHandler  key.o
    0x08000bec   0x000000b0   Code   RO         2103    i.HAL_DMA_Abort_IT  stm32f1xx_hal_dma.o
    0x08000c9c   0x0000000c   Code   RO         4607    i.HAL_Delay         delay.o
    0x08000ca8   0x000000e8   Code   RO         5366    i.HAL_GPIO_EXTI_Callback  key.o
    0x08000d90   0x0000001c   Code   RO         2198    i.HAL_GPIO_EXTI_IRQHandler  stm32f1xx_hal_gpio.o
    0x08000dac   0x00000320   Code   RO         2199    i.HAL_GPIO_Init     stm32f1xx_hal_gpio.o
    0x080010cc   0x00000010   Code   RO         2201    i.HAL_GPIO_ReadPin  stm32f1xx_hal_gpio.o
    0x080010dc   0x0000000c   Code   RO         1816    i.HAL_GetTick       stm32f1xx_hal.o
    0x080010e8   0x00000018   Code   RO         1822    i.HAL_IncTick       stm32f1xx_hal.o
    0x08001100   0x00000028   Code   RO         1823    i.HAL_Init          stm32f1xx_hal.o
    0x08001128   0x0000004c   Code   RO         1824    i.HAL_InitTick      stm32f1xx_hal.o
    0x08001174   0x00000002   Code   RO         1826    i.HAL_MspInit       stm32f1xx_hal.o
    0x08001176   0x00000020   Code   RO         1981    i.HAL_NVIC_EnableIRQ  stm32f1xx_hal_cortex.o
    0x08001196   0x0000007c   Code   RO         1987    i.HAL_NVIC_SetPriority  stm32f1xx_hal_cortex.o
    0x08001212   0x00000002   PAD
    0x08001214   0x00000028   Code   RO         1988    i.HAL_NVIC_SetPriorityGrouping  stm32f1xx_hal_cortex.o
    0x0800123c   0x0000018c   Code   RO         2388    i.HAL_RCC_ClockConfig  stm32f1xx_hal_rcc.o
    0x080013c8   0x0000000c   Code   RO         2393    i.HAL_RCC_GetHCLKFreq  stm32f1xx_hal_rcc.o
    0x080013d4   0x00000020   Code   RO         2395    i.HAL_RCC_GetPCLK1Freq  stm32f1xx_hal_rcc.o
    0x080013f4   0x00000020   Code   RO         2396    i.HAL_RCC_GetPCLK2Freq  stm32f1xx_hal_rcc.o
    0x08001414   0x00000098   Code   RO         2397    i.HAL_RCC_GetSysClockFreq  stm32f1xx_hal_rcc.o
    0x080014ac   0x00000464   Code   RO         2400    i.HAL_RCC_OscConfig  stm32f1xx_hal_rcc.o
    0x08001910   0x00000028   Code   RO         1990    i.HAL_SYSTICK_CLKSourceConfig  stm32f1xx_hal_cortex.o
    0x08001938   0x00000034   Code   RO         1992    i.HAL_SYSTICK_Config  stm32f1xx_hal_cortex.o
    0x0800196c   0x00000002   Code   RO         4145    i.HAL_TIMEx_BreakCallback  stm32f1xx_hal_tim_ex.o
    0x0800196e   0x00000002   Code   RO         4146    i.HAL_TIMEx_CommutCallback  stm32f1xx_hal_tim_ex.o
    0x08001970   0x00000174   Code   RO         5450    i.HAL_TIM_IC_CaptureCallback  gtim.o
    0x08001ae4   0x00000196   Code   RO         3502    i.HAL_TIM_IRQHandler  stm32f1xx_hal_tim.o
    0x08001c7a   0x00000002   Code   RO         3505    i.HAL_TIM_OC_DelayElapsedCallback  stm32f1xx_hal_tim.o
    0x08001c7c   0x00000002   Code   RO         3532    i.HAL_TIM_PWM_PulseFinishedCallback  stm32f1xx_hal_tim.o
    0x08001c7e   0x00000002   Code   RO         5453    i.HAL_TIM_PeriodElapsedCallback  gtim.o
    0x08001c80   0x00000032   Code   RO         3542    i.HAL_TIM_ReadCapturedValue  stm32f1xx_hal_tim.o
    0x08001cb2   0x00000002   Code   RO         3545    i.HAL_TIM_TriggerCallback  stm32f1xx_hal_tim.o
    0x08001cb4   0x00000002   Code   RO         2521    i.HAL_UART_AbortCpltCallback  stm32f1xx_hal_uart.o
    0x08001cb6   0x00000002   Code   RO         2523    i.HAL_UART_AbortReceiveCpltCallback  stm32f1xx_hal_uart.o
    0x08001cb8   0x00000002   Code   RO         2526    i.HAL_UART_AbortTransmitCpltCallback  stm32f1xx_hal_uart.o
    0x08001cba   0x00000002   Code   RO         2533    i.HAL_UART_ErrorCallback  stm32f1xx_hal_uart.o
    0x08001cbc   0x0000014c   Code   RO         2536    i.HAL_UART_IRQHandler  stm32f1xx_hal_uart.o
    0x08001e08   0x00000084   Code   RO         2537    i.HAL_UART_Init     stm32f1xx_hal_uart.o
    0x08001e8c   0x0000015c   Code   RO         4396    i.HAL_UART_MspInit  usart.o
    0x08001fe8   0x00000070   Code   RO         2542    i.HAL_UART_Receive_IT  stm32f1xx_hal_uart.o
    0x08002058   0x000000ec   Code   RO         4397    i.HAL_UART_RxCpltCallback  usart.o
    0x08002144   0x00000002   Code   RO         2545    i.HAL_UART_RxHalfCpltCallback  stm32f1xx_hal_uart.o
    0x08002146   0x000000d6   Code   RO         2546    i.HAL_UART_Transmit  stm32f1xx_hal_uart.o
    0x0800221c   0x00000002   Code   RO         2549    i.HAL_UART_TxCpltCallback  stm32f1xx_hal_uart.o
    0x0800221e   0x00000002   Code   RO         2550    i.HAL_UART_TxHalfCpltCallback  stm32f1xx_hal_uart.o
    0x08002220   0x00000004   Code   RO          460    i.HardFault_Handler  stm32f10x_it.o
    0x08002224   0x00000004   Code   RO          461    i.MemManage_Handler  stm32f10x_it.o
    0x08002228   0x00000002   Code   RO          462    i.NMI_Handler       stm32f10x_it.o
    0x0800222a   0x00000002   PAD
    0x0800222c   0x00000028   Code   RO         2401    i.RCC_Delay         stm32f1xx_hal_rcc.o
    0x08002254   0x00000014   Code   RO         4608    i.SysTick_Handler   delay.o
    0x08002268   0x00000058   Code   RO          364    i.SystemInit        system_stm32f1xx.o
    0x080022c0   0x00000010   Code   RO         5455    i.TIM2_IRQHandler   gtim.o
    0x080022d0   0x0000001c   Code   RO         5456    i.TIM3_IRQHandler   gtim.o
    0x080022ec   0x00000014   Code   RO         2552    i.UART_DMAAbortOnError  stm32f1xx_hal_uart.o
    0x08002300   0x00000020   Code   RO         2562    i.UART_EndRxTransfer  stm32f1xx_hal_uart.o
    0x08002320   0x00000020   Code   RO         2563    i.UART_EndTransmit_IT  stm32f1xx_hal_uart.o
    0x08002340   0x00000044   Code   RO         2565    i.UART_InitCallbacksToDefault  stm32f1xx_hal_uart.o
    0x08002384   0x000000a6   Code   RO         2566    i.UART_Receive_IT   stm32f1xx_hal_uart.o
    0x0800242a   0x00000002   PAD
    0x0800242c   0x000001a0   Code   RO         2567    i.UART_SetConfig    stm32f1xx_hal_uart.o
    0x080025cc   0x00000068   Code   RO         2568    i.UART_Transmit_IT  stm32f1xx_hal_uart.o
    0x08002634   0x0000006c   Code   RO         2569    i.UART_WaitOnFlagUntilTimeout  stm32f1xx_hal_uart.o
    0x080026a0   0x00000010   Code   RO         4398    i.USART1_IRQHandler  usart.o
    0x080026b0   0x00000090   Code   RO         4399    i.USART3_IRQHandler  usart.o
    0x08002740   0x00000004   Code   RO          463    i.UsageFault_Handler  stm32f10x_it.o
    0x08002744   0x00000010   Code   RO         1994    i.__NVIC_GetPriorityGrouping  stm32f1xx_hal_cortex.o
    0x08002754   0x00000028   Code   RO         1995    i.__NVIC_SetPriority  stm32f1xx_hal_cortex.o
    0x0800277c   0x0000000e   Code   RO         5654    i._is_digit         c_w.l(__printf_wp.o)
    0x0800278a   0x00000004   Code   RO         4401    i._sys_exit         usart.o
    0x0800278e   0x00000002   PAD
    0x08002790   0x00000038   Code   RO         4609    i.delay_init        delay.o
    0x080027c8   0x00000012   Code   RO         4610    i.delay_ms          delay.o
    0x080027da   0x00000002   PAD
    0x080027dc   0x00000048   Code   RO         4611    i.delay_us          delay.o
    0x08002824   0x0000001c   Code   RO         4403    i.fputc             usart.o
    0x08002840   0x00000178   Code   RO            6    i.main              main.o
    0x080029b8   0x00000030   Code   RO         1272    i.prvResetNextTaskUnblockTime  tasks.o
    0x080029e8   0x00000066   Code   RO         4497    i.sys_stm32_clock_init  sys.o
    0x08002a4e   0x00000002   PAD
    0x08002a50   0x00000038   Code   RO         4404    i.usart1_init       usart.o
    0x08002a88   0x00000148   Code   RO            7    i.usart3_debug_info  main.o
    0x08002bd0   0x00000074   Code   RO         4405    i.usart3_init       usart.o
    0x08002c44   0x00000030   Code   RO         4406    i.usart3_restart_receive  usart.o
    0x08002c74   0x00000094   Code   RO         1301    i.vTaskSwitchContext  tasks.o
    0x08002d08   0x00000034   Code   RO          651    i.xPortSysTickHandler  port.o
    0x08002d3c   0x00000020   Code   RO         1312    i.xTaskGetSchedulerState  tasks.o
    0x08002d5c   0x000001cc   Code   RO         1315    i.xTaskIncrementTick  tasks.o
    0x08002f28   0x00000184   Code   RO         5718    x$fpl$fdiv          fz_ws.l(fdiv.o)
    0x080030ac   0x00000026   Code   RO         5721    x$fpl$ffltu         fz_ws.l(fflt_clz.o)
    0x080030d2   0x00000002   PAD
    0x080030d4   0x00000102   Code   RO         5727    x$fpl$fmul          fz_ws.l(fmul.o)
    0x080031d6   0x0000008c   Code   RO         5771    x$fpl$fnaninf       fz_ws.l(fnaninf.o)
    0x08003262   0x0000000a   Code   RO         5773    x$fpl$fretinf       fz_ws.l(fretinf.o)
    0x0800326c   0x00000000   Code   RO         5777    x$fpl$usenofp       fz_ws.l(usenofp.o)
    0x0800326c   0x00000018   Data   RO          365    .constdata          system_stm32f1xx.o
    0x08003284   0x00000028   Data   RO         5627    .constdata          c_w.l(_printf_hex_int.o)
    0x080032ac   0x00000011   Data   RO         5657    .constdata          c_w.l(__printf_flags_wp.o)
    0x080032bd   0x00000003   PAD
    0x080032c0   0x00000020   Data   RO         6010    Region$$Table       anon$$obj.o


    Execution Region RW_IRAM1 (Base: 0x20000000, Size: 0x00000e28, Max: 0x00005000, ABSOLUTE)

    Base Addr    Size         Type   Attr      Idx    E Section Name        Object

    0x20000000   0x00000024   Data   RW          304    .data               freertos_demo.o
    0x20000024   0x00000004   Data   RW          366    .data               system_stm32f1xx.o
    0x20000028   0x00000040   Data   RW         1322    .data               tasks.o
    0x20000068   0x00000009   Data   RW         1830    .data               stm32f1xx_hal.o
    0x20000071   0x00000003   PAD
    0x20000074   0x0000000e   Data   RW         4408    .data               usart.o
    0x20000082   0x00000002   PAD
    0x20000084   0x00000004   Data   RW         4612    .data               delay.o
    0x20000088   0x00000001   Data   RW         5239    .data               adc.o
    0x20000089   0x00000003   PAD
    0x2000008c   0x00000011   Data   RW         5374    .data               key.o
    0x2000009d   0x00000003   PAD
    0x200000a0   0x00000024   Data   RW         5460    .data               gtim.o
    0x200000c4   0x00000288   Zero   RW            8    .bss                main.o
    0x2000034c   0x00000154   Zero   RW         1321    .bss                tasks.o
    0x200004a0   0x00000268   Zero   RW         4407    .bss                usart.o
    0x20000708   0x000000c0   Zero   RW         5459    .bss                gtim.o
    0x200007c8   0x00000060   Zero   RW         5877    .bss                c_w.l(libspace.o)
    0x20000828   0x00000200   Zero   RW          524    HEAP                startup_stm32f103xb.o
    0x20000a28   0x00000400   Zero   RW          523    STACK               startup_stm32f103xb.o


==============================================================================

Image component sizes


      Code (inc. data)   RO Data    RW Data    ZI Data      Debug   Object Name

        44         10          0          1          0        984   adc.o
       178          8          0          4          0       2889   delay.o
       472        170          0          0          0       2831   esp01_driver.o
         0          0          0          0          0       6216   event_groups.o
         0          0          0         36          0       1477   freertos_demo.o
       418         56          0         36        192       3248   gtim.o
       288         24          0         17          0       2072   key.o
       704        358          0          0        648     452904   main.o
       202         18          0          0          0       3870   port.o
        64         26        236          0       1536        804   startup_stm32f103xb.o
        20          0          0          0          0       2553   stm32f10x_it.o
       154         32          0          9          0       5495   stm32f1xx_hal.o
       344         22          0          0          0      29701   stm32f1xx_hal_cortex.o
       176          4          0          0          0       1007   stm32f1xx_hal_dma.o
       844         38          0          0          0       3154   stm32f1xx_hal_gpio.o
      1788        114          0          0          0       5756   stm32f1xx_hal_rcc.o
       462          0          0          0          0       3413   stm32f1xx_hal_tim.o
         4          0          0          0          0       1397   stm32f1xx_hal_tim_ex.o
      1750         46          0          0          0      12227   stm32f1xx_hal_uart.o
       102          0          0          0          0        707   sys.o
        88         18         24          4          0       1127   system_stm32f1xx.o
       688         84          0         64        340      14190   tasks.o
       996        186          0         14        616       7555   usart.o

    ----------------------------------------------------------------------
      9802       1214        292        196       3332     565577   Object Totals
         0          0         32          0          0          0   (incl. Generated)
        16          0          0         11          0          0   (incl. Padding)

    ----------------------------------------------------------------------

      Code (inc. data)   RO Data    RW Data    ZI Data      Debug   Library Member Name

         8          0          0          0          0         68   __main.o
       312          4         17          0          0         92   __printf_flags_wp.o
        14          0          0          0          0         68   __printf_wp.o
         0          0          0          0          0          0   __rtentry.o
        12          0          0          0          0          0   __rtentry2.o
         6          0          0          0          0          0   __rtentry4.o
        52          8          0          0          0          0   __scatter.o
        26          0          0          0          0          0   __scatter_copy.o
        28          0          0          0          0          0   __scatter_zi.o
        44          0          0          0          0        108   _printf_char.o
        48          6          0          0          0         96   _printf_char_common.o
        36          4          0          0          0         80   _printf_char_file.o
         6          0          0          0          0          0   _printf_d.o
       120         16          0          0          0         92   _printf_dec.o
        88          4         40          0          0         88   _printf_hex_int.o
       178          0          0          0          0         88   _printf_intcommon.o
        78          0          0          0          0        108   _printf_pad.o
         0          0          0          0          0          0   _printf_percent.o
         4          0          0          0          0          0   _printf_percent_end.o
         6          0          0          0          0          0   _printf_s.o
        82          0          0          0          0         80   _printf_str.o
         6          0          0          0          0          0   _printf_x.o
        16          0          0          0          0         68   _snputc.o
        10          0          0          0          0         68   _sputc.o
        18          0          0          0          0         80   exit.o
         8          0          0          0          0         68   ferror.o
         6          0          0          0          0        152   heapauxi.o
         2          0          0          0          0          0   libinit.o
         2          0          0          0          0          0   libinit2.o
         2          0          0          0          0          0   libshutdown.o
         2          0          0          0          0          0   libshutdown2.o
         8          4          0          0         96         68   libspace.o
        24          4          0          0          0         84   noretval__2printf.o
        52          4          0          0          0         84   noretval__2snprintf.o
        68          0          0          0          0         68   rt_memclr.o
        78          0          0          0          0         80   rt_memclr_w.o
       138          0          0          0          0         68   rt_memcpy_v6.o
       100          0          0          0          0         80   rt_memcpy_w.o
         2          0          0          0          0          0   rtexit.o
        10          0          0          0          0          0   rtexit2.o
        62          0          0          0          0         76   strlen.o
       150          0          0          0          0         80   strncmp.o
        36          0          0          0          0         80   strstr.o
        74          0          0          0          0         80   sys_stackheap_outer.o
         2          0          0          0          0         68   use_no_semi.o
         2          0          0          0          0         68   use_no_semi_2.o
       388         76          0          0          0         96   fdiv.o
        38          0          0          0          0         68   fflt_clz.o
       258          4          0          0          0         84   fmul.o
       140          4          0          0          0         84   fnaninf.o
        10          0          0          0          0         68   fretinf.o
         0          0          0          0          0          0   usenofp.o

    ----------------------------------------------------------------------
      2870        138         60          0         96       2788   Library Totals
        10          0          3          0          0          0   (incl. Padding)

    ----------------------------------------------------------------------

      Code (inc. data)   RO Data    RW Data    ZI Data      Debug   Library Name

      2026         54         57          0         96       2388   c_w.l
       834         84          0          0          0        400   fz_ws.l

    ----------------------------------------------------------------------
      2870        138         60          0         96       2788   Library Totals

    ----------------------------------------------------------------------

==============================================================================


      Code (inc. data)   RO Data    RW Data    ZI Data      Debug   

     12672       1352        352        196       3428     562433   Grand Totals
     12672       1352        352        196       3428     562433   ELF Image Totals
     12672       1352        352        196          0          0   ROM Totals

==============================================================================

    Total RO  Size (Code + RO Data)                13024 (  12.72kB)
    Total RW  Size (RW Data + ZI Data)              3624 (   3.54kB)
    Total ROM Size (Code + RO Data + RW Data)      13220 (  12.91kB)

==============================================================================

